Archive member included because of file (symbol)

c:/devkitPro/libogc/lib/wii\libgrrlib.a(GRRLIB_3D.o)
                              template.o (GRRLIB_SetBackgroundColour)
c:/devkitPro/libogc/lib/wii\libgrrlib.a(GRRLIB_bmf.o)
                              template.o (GRRLIB_InitTileSet)
c:/devkitPro/libogc/lib/wii\libgrrlib.a(GRRLIB_core.o)
                              template.o (rmode)
c:/devkitPro/libogc/lib/wii\libgrrlib.a(GRRLIB_print.o)
                              template.o (GRRLIB_Printf)
c:/devkitPro/libogc/lib/wii\libgrrlib.a(GRRLIB_render.o)
                              template.o (GRRLIB_DrawImg)
c:/devkitPro/libogc/lib/wii\libgrrlib.a(GRRLIB_texEdit.o)
                              template.o (GRRLIB_LoadTexturePNG)
c:/devkitPro/libogc/lib/wii\libgrrlib.a(GRRLIB_ttf.o)
                              c:/devkitPro/libogc/lib/wii\libgrrlib.a(GRRLIB_core.o) (GRRLIB_InitTTF)
c:/devkitPro/libogc/lib/wii\libfreetype.a(ftinit.o)
                              c:/devkitPro/libogc/lib/wii\libgrrlib.a(GRRLIB_ttf.o) (FT_Init_FreeType)
c:/devkitPro/libogc/lib/wii\libfreetype.a(ftbase.o)
                              c:/devkitPro/libogc/lib/wii\libgrrlib.a(GRRLIB_ttf.o) (FT_Load_Glyph)
c:/devkitPro/libogc/lib/wii\libfreetype.a(truetype.o)
                              c:/devkitPro/libogc/lib/wii\libfreetype.a(ftinit.o) (tt_driver_class)
c:/devkitPro/libogc/lib/wii\libfreetype.a(type1.o)
                              c:/devkitPro/libogc/lib/wii\libfreetype.a(ftinit.o) (t1_driver_class)
c:/devkitPro/libogc/lib/wii\libfreetype.a(cff.o)
                              c:/devkitPro/libogc/lib/wii\libfreetype.a(ftinit.o) (cff_driver_class)
c:/devkitPro/libogc/lib/wii\libfreetype.a(type1cid.o)
                              c:/devkitPro/libogc/lib/wii\libfreetype.a(ftinit.o) (t1cid_driver_class)
c:/devkitPro/libogc/lib/wii\libfreetype.a(pfr.o)
                              c:/devkitPro/libogc/lib/wii\libfreetype.a(ftinit.o) (pfr_driver_class)
c:/devkitPro/libogc/lib/wii\libfreetype.a(type42.o)
                              c:/devkitPro/libogc/lib/wii\libfreetype.a(ftinit.o) (t42_driver_class)
c:/devkitPro/libogc/lib/wii\libfreetype.a(winfnt.o)
                              c:/devkitPro/libogc/lib/wii\libfreetype.a(ftinit.o) (winfnt_driver_class)
c:/devkitPro/libogc/lib/wii\libfreetype.a(pcf.o)
                              c:/devkitPro/libogc/lib/wii\libfreetype.a(ftinit.o) (pcf_driver_class)
c:/devkitPro/libogc/lib/wii\libfreetype.a(bdf.o)
                              c:/devkitPro/libogc/lib/wii\libfreetype.a(ftinit.o) (bdf_driver_class)
c:/devkitPro/libogc/lib/wii\libfreetype.a(sfnt.o)
                              c:/devkitPro/libogc/lib/wii\libfreetype.a(ftinit.o) (sfnt_module_class)
c:/devkitPro/libogc/lib/wii\libfreetype.a(autofit.o)
                              c:/devkitPro/libogc/lib/wii\libfreetype.a(ftinit.o) (autofit_module_class)
c:/devkitPro/libogc/lib/wii\libfreetype.a(pshinter.o)
                              c:/devkitPro/libogc/lib/wii\libfreetype.a(ftinit.o) (pshinter_module_class)
c:/devkitPro/libogc/lib/wii\libfreetype.a(raster.o)
                              c:/devkitPro/libogc/lib/wii\libfreetype.a(ftinit.o) (ft_raster1_renderer_class)
c:/devkitPro/libogc/lib/wii\libfreetype.a(smooth.o)
                              c:/devkitPro/libogc/lib/wii\libfreetype.a(ftinit.o) (ft_smooth_renderer_class)
c:/devkitPro/libogc/lib/wii\libfreetype.a(ftgzip.o)
                              c:/devkitPro/libogc/lib/wii\libfreetype.a(pcf.o) (FT_Stream_OpenGzip)
c:/devkitPro/libogc/lib/wii\libfreetype.a(ftlzw.o)
                              c:/devkitPro/libogc/lib/wii\libfreetype.a(pcf.o) (FT_Stream_OpenLZW)
c:/devkitPro/libogc/lib/wii\libfreetype.a(psaux.o)
                              c:/devkitPro/libogc/lib/wii\libfreetype.a(ftinit.o) (psaux_module_class)
c:/devkitPro/libogc/lib/wii\libfreetype.a(psnames.o)
                              c:/devkitPro/libogc/lib/wii\libfreetype.a(ftinit.o) (psnames_module_class)
c:/devkitPro/libogc/lib/wii\libfreetype.a(ftsystem.o)
                              c:/devkitPro/libogc/lib/wii\libfreetype.a(ftbase.o) (FT_Stream_Open)
c:/devkitPro/libogc/lib/wii\libasnd.a(asndlib.o)
                              template.o (ASND_Init)
c:/devkitPro/libogc/lib/wii\libpngu.a(pngu.o)
                              c:/devkitPro/libogc/lib/wii\libgrrlib.a(GRRLIB_texEdit.o) (PNGU_SelectImageFromBuffer)
c:/devkitPro/libogc/lib/wii\libpng.a(png.o)
                              c:/devkitPro/libogc/lib/wii\libpngu.a(pngu.o) (png_set_sig_bytes)
c:/devkitPro/libogc/lib/wii\libpng.a(pngerror.o)
                              c:/devkitPro/libogc/lib/wii\libpng.a(png.o) (png_safecat)
c:/devkitPro/libogc/lib/wii\libpng.a(pngget.o)
                              c:/devkitPro/libogc/lib/wii\libpngu.a(pngu.o) (png_get_rowbytes)
c:/devkitPro/libogc/lib/wii\libpng.a(pngmem.o)
                              c:/devkitPro/libogc/lib/wii\libpng.a(png.o) (png_create_struct_2)
[...]
Memory Configuration

Name             Origin             Length             Attributes
*default*        0x00000000         0xffffffff

Linker script and memory map

                0x00003400                . = 0x3400

.stub
 *(.stub)
                0x80004000                . = 0x80004000

.init           0x80004000      0x194
 *crt0.o(*.init)
 .init          0x80004000      0x170 c:/devkitPro/libogc/lib/wii\libogc.a(ogc_crt0.o)
                0x80004000                _start
                0x80004140                _memset
 *(.init)
 .init          0x80004170        0xc c:/devkitpro/devkitppc/bin/../lib/gcc/powerpc-eabi/4.6.3/ecrti.o
                0x80004170                __init
 .init          0x8000417c        0x4 c:/devkitpro/devkitppc/bin/../lib/gcc/powerpc-eabi/4.6.3/crtbegin.o
 .init          0x80004180        0x4 c:/devkitpro/devkitppc/bin/../lib/gcc/powerpc-eabi/4.6.3/crtend.o
 .init          0x80004184       0x10 c:/devkitpro/devkitppc/bin/../lib/gcc/powerpc-eabi/4.6.3/ecrtn.o

.rela.dyn       0x80004194        0x0
 .rela.iplt     0x00000000        0x0 c:/devkitpro/devkitppc/bin/../lib/gcc/powerpc-eabi/4.6.3/crtbegin.o
 .rela.gcc_except_table._Znwj
                0x00000000        0x0 c:/devkitpro/devkitppc/bin/../lib/gcc/powerpc-eabi/4.6.3/crtbegin.o
 .rela.eh_frame
                0x00000000        0x0 c:/devkitpro/devkitppc/bin/../lib/gcc/powerpc-eabi/4.6.3/crtbegin.o
 .rela.gcc_except_table._ZN9__gnu_cxx27__verbose_terminate_handlerEv
                0x00000000        0x0 c:/devkitpro/devkitppc/bin/../lib/gcc/powerpc-eabi/4.6.3/crtbegin.o

.plt
 *(.plt)

.interp
 *(.interp)

.hash
 *(.hash)

.dynsym
 *(.dynsym)

.dynstr
 *(.dynstr)

.gnu.version
 *(.gnu.version)

.gnu.version_d
 *(.gnu.version_d)

.gnu.version_r
 *(.gnu.version_r)

.rel.init
 *(.rel.init)

.rela.init      0x80004194        0x0
 *(.rela.init)
 .rela.init     0x00000000        0x0 c:/devkitpro/devkitppc/bin/../lib/gcc/powerpc-eabi/4.6.3/crtbegin.o

.rel.text
 *(.rel.text .rel.text.* .rel.gnu.linkonce.t.*)

.rela.text      0x80004194        0x0
 *(.rela.text .rela.text.* .rela.gnu.linkonce.t.*)
 .rela.text     0x00000000        0x0 c:/devkitpro/devkitppc/bin/../lib/gcc/powerpc-eabi/4.6.3/crtbegin.o
 .rela.text._Z5game2v
                0x00000000        0x0 c:/devkitpro/devkitppc/bin/../lib/gcc/powerpc-eabi/4.6.3/crtbegin.o
 .rela.text._Z5game3v
                0x00000000        0x0 c:/devkitpro/devkitppc/bin/../lib/gcc/powerpc-eabi/4.6.3/crtbegin.o
 .rela.text._Z5game1v
                0x00000000        0x0 c:/devkitpro/devkitppc/bin/../lib/gcc/powerpc-eabi/4.6.3/crtbegin.o
 .rela.text.GRRLIB_3dMode
                0x00000000        0x0 c:/devkitpro/devkitppc/bin/../lib/gcc/powerpc-eabi/4.6.3/crtbegin.o
 .rela.text.GRRLIB_2dMode
                0x00000000        0x0 c:/devkitpro/devkitppc/bin/../lib/gcc/powerpc-eabi/4.6.3/crtbegin.o
 .rela.text.GRRLIB_ObjectViewEnd
                0x00000000        0x0 c:/devkitpro/devkitppc/bin/../lib/gcc/powerpc-eabi/4.6.3/crtbegin.o
 .rela.text.GRRLIB_ObjectView
                0x00000000        0x0 c:/devkitpro/devkitppc/bin/../lib/gcc/powerpc-eabi/4.6.3/crtbegin.o
 .rela.text.GRRLIB_ObjectViewInv
                0x00000000        0x0 c:/devkitpro/devkitppc/bin/../lib/gcc/powerpc-eabi/4.6.3/crtbegin.o
 .rela.text.GRRLIB_SetTexture
                0x00000000        0x0 c:/devkitpro/devkitppc/bin/../lib/gcc/powerpc-eabi/4.6.3/crtbegin.o
 .rela.text.GRRLIB_DrawTorus
                0x00000000        0x0 c:/devkitpro/devkitppc/bin/../lib/gcc/powerpc-eabi/4.6.3/crtbegin.o
 .rela.text.GRRLIB_DrawSphere
                0x00000000        0x0 c:/devkitpro/devkitppc/bin/../lib/gcc/powerpc-eabi/4.6.3/crtbegin.o
 .rela.text.GRRLIB_DrawCube
                0x00000000        0x0 c:/devkitpro/devkitppc/bin/../lib/gcc/powerpc-eabi/4.6.3/crtbegin.o
 .rela.text.GRRLIB_DrawCylinder
                0x00000000        0x0 c:/devkitpro/devkitppc/bin/../lib/gcc/powerpc-eabi/4.6.3/crtbegin.o
 .rela.text.GRRLIB_DrawCone
                0x00000000        0x0 c:/devkitpro/devkitppc/bin/../lib/gcc/powerpc-eabi/4.6.3/crtbegin.o
 .rela.text.GRRLIB_DrawTessPanel
                0x00000000        0x0 c:/devkitpro/devkitppc/bin/../lib/gcc/powerpc-eabi/4.6.3/crtbegin.o
 .rela.text.GRRLIB_SetLightDiff
                0x00000000        0x0 c:/devkitpro/devkitppc/bin/../lib/gcc/powerpc-eabi/4.6.3/crtbegin.o
 .rela.text.GRRLIB_SetLightSpec
                0x00000000        0x0 c:/devkitpro/devkitppc/bin/../lib/gcc/powerpc-eabi/4.6.3/crtbegin.o
 .rela.text.GRRLIB_SetLightSpot
                0x00000000        0x0 c:/devkitpro/devkitppc/bin/../lib/gcc/powerpc-eabi/4.6.3/crtbegin.o
 .rela.text.GRRLIB_SetLightOff
                0x00000000        0x0 c:/devkitpro/devkitppc/bin/../lib/gcc/powerpc-eabi/4.6.3/crtbegin.o
 .rela.text.GRRLIB_ClipReset
                0x00000000        0x0 c:/devkitpro/devkitppc/bin/../lib/gcc/powerpc-eabi/4.6.3/crtbegin.o
 .rela.text.GRRLIB_GXEngine
                0x00000000        0x0 c:/devkitpro/devkitppc/bin/../lib/gcc/powerpc-eabi/4.6.3/crtbegin.o
 .rela.text.GRRLIB_Plot
                0x00000000        0x0 c:/devkitpro/devkitppc/bin/../lib/gcc/powerpc-eabi/4.6.3/crtbegin.o
 .rela.text.GRRLIB_Line
                0x00000000        0x0 c:/devkitpro/devkitppc/bin/../lib/gcc/powerpc-eabi/4.6.3/crtbegin.o
 .rela.text.GRRLIB_Rectangle
                0x00000000        0x0 c:/devkitpro/devkitppc/bin/../lib/gcc/powerpc-eabi/4.6.3/crtbegin.o
 .rela.text.GRRLIB_FillScreen
                0x00000000        0x0 c:/devkitpro/devkitppc/bin/../lib/gcc/powerpc-eabi/4.6.3/crtbegin.o
 .rela.text.GRRLIB_Exit
                0x00000000        0x0 c:/devkitpro/devkitppc/bin/../lib/gcc/powerpc-eabi/4.6.3/crtbegin.o
 .rela.text.GRRLIB_SetBlend
                0x00000000        0x0 c:/devkitpro/devkitppc/bin/../lib/gcc/powerpc-eabi/4.6.3/crtbegin.o
 .rela.text.GRRLIB_GetBlend
                0x00000000        0x0 c:/devkitpro/devkitppc/bin/../lib/gcc/powerpc-eabi/4.6.3/crtbegin.o
 .rela.text.GRRLIB_SetAntiAliasing
                0x00000000        0x0 c:/devkitpro/devkitppc/bin/../lib/gcc/powerpc-eabi/4.6.3/crtbegin.o
 .rela.text.GRRLIB_GetAntiAliasing
                0x00000000        0x0 c:/devkitpro/devkitppc/bin/../lib/gcc/powerpc-eabi/4.6.3/crtbegin.o
 .rela.text.GRRLIB_Init
                0x00000000        0x0 c:/devkitpro/devkitppc/bin/../lib/gcc/powerpc-eabi/4.6.3/crtbegin.o
 .rela.text.GRRLIB_PrintBMF
                0x00000000        0x0 c:/devkitpro/devkitppc/bin/../lib/gcc/powerpc-eabi/4.6.3/crtbegin.o
 .rela.text.GRRLIB_DrawImg
                0x00000000        0x0 c:/devkitpro/devkitppc/bin/../lib/gcc/powerpc-eabi/4.6.3/crtbegin.o
 .rela.text.GRRLIB_DrawImgQuad
                0x00000000        0x0 c:/devkitpro/devkitppc/bin/../lib/gcc/powerpc-eabi/4.6.3/crtbegin.o
 .rela.text.GRRLIB_DrawTile
                0x00000000        0x0 c:/devkitpro/devkitppc/bin/../lib/gcc/powerpc-eabi/4.6.3/crtbegin.o
 .rela.text.GRRLIB_DrawPart
                0x00000000        0x0 c:/devkitpro/devkitppc/bin/../lib/gcc/powerpc-eabi/4.6.3/crtbegin.o
 .rela.text.GRRLIB_DrawTileQuad
                0x00000000        0x0 c:/devkitpro/devkitppc/bin/../lib/gcc/powerpc-eabi/4.6.3/crtbegin.o
 .rela.text.GRRLIB_Render
                0x00000000        0x0 c:/devkitpro/devkitppc/bin/../lib/gcc/powerpc-eabi/4.6.3/crtbegin.o
 .rela.text.GRRLIB_PrintfTTFW
                0x00000000        0x0 c:/devkitpro/devkitppc/bin/../lib/gcc/powerpc-eabi/4.6.3/crtbegin.o
 .rela.text.png_warning
                0x00000000        0x0 c:/devkitpro/devkitppc/bin/../lib/gcc/powerpc-eabi/4.6.3/crtbegin.o
 .rela.text.png_error
                0x00000000        0x0 c:/devkitpro/devkitppc/bin/../lib/gcc/powerpc-eabi/4.6.3/crtbegin.o
 .rela.text.png_create_read_struct_2
                0x00000000        0x0 c:/devkitpro/devkitppc/bin/../lib/gcc/powerpc-eabi/4.6.3/crtbegin.o
 .rela.text.png_create_write_struct_2
                0x00000000        0x0 c:/devkitpro/devkitppc/bin/../lib/gcc/powerpc-eabi/4.6.3/crtbegin.o
 .rela.text.jpeg_stdio_src
                0x00000000        0x0 c:/devkitpro/devkitppc/bin/../lib/gcc/powerpc-eabi/4.6.3/crtbegin.o
 .rela.text.jpeg_mem_src
                0x00000000        0x0 c:/devkitpro/devkitppc/bin/../lib/gcc/powerpc-eabi/4.6.3/crtbegin.o
 .rela.text.consume_markers
                0x00000000        0x0 c:/devkitpro/devkitppc/bin/../lib/gcc/powerpc-eabi/4.6.3/crtbegin.o
 .rela.text.read_markers
                0x00000000        0x0 c:/devkitpro/devkitppc/bin/../lib/gcc/powerpc-eabi/4.6.3/crtbegin.o
 .rela.text.output_message
                0x00000000        0x0 c:/devkitpro/devkitppc/bin/../lib/gcc/powerpc-eabi/4.6.3/crtbegin.o
 .rela.text.arith_decode
                0x00000000        0x0 c:/devkitpro/devkitppc/bin/../lib/gcc/powerpc-eabi/4.6.3/crtbegin.o
 .rela.text.start_pass
                0x00000000        0x0 c:/devkitpro/devkitppc/bin/../lib/gcc/powerpc-eabi/4.6.3/crtbegin.o
 .rela.text.deflate_slow
                0x00000000        0x0 c:/devkitpro/devkitppc/bin/../lib/gcc/powerpc-eabi/4.6.3/crtbegin.o
 .rela.text.deflate_fast
                0x00000000        0x0 c:/devkitpro/devkitppc/bin/../lib/gcc/powerpc-eabi/4.6.3/crtbegin.o
 .rela.text.deflate
                0x00000000        0x0 c:/devkitpro/devkitppc/bin/../lib/gcc/powerpc-eabi/4.6.3/crtbegin.o
 .rela.text.deflateInit2_
                0x00000000        0x0 c:/devkitpro/devkitppc/bin/../lib/gcc/powerpc-eabi/4.6.3/crtbegin.o
 .rela.text.inflateInit2_
                0x00000000        0x0 c:/devkitpro/devkitppc/bin/../lib/gcc/powerpc-eabi/4.6.3/crtbegin.o
 .rela.text.fatUnmount
                0x00000000        0x0 c:/devkitpro/devkitppc/bin/../lib/gcc/powerpc-eabi/4.6.3/crtbegin.o
 .rela.text.fatInit
                0x00000000        0x0 c:/devkitpro/devkitppc/bin/../lib/gcc/powerpc-eabi/4.6.3/crtbegin.o
 .rela.text.fatGetVolumeLabel
                0x00000000        0x0 c:/devkitpro/devkitppc/bin/../lib/gcc/powerpc-eabi/4.6.3/crtbegin.o
 .rela.text._FAT_directory_entryGetAlias
                0x00000000        0x0 c:/devkitpro/devkitppc/bin/../lib/gcc/powerpc-eabi/4.6.3/crtbegin.o
 .rela.text.get_io_wiisd
                0x00000000        0x0 c:/devkitpro/devkitppc/bin/../lib/gcc/powerpc-eabi/4.6.3/crtbegin.o
 .rela.text.get_io_usbstorage
                0x00000000        0x0 c:/devkitpro/devkitppc/bin/../lib/gcc/powerpc-eabi/4.6.3/crtbegin.o
 .rela.text.get_io_gcsda
                0x00000000        0x0 c:/devkitpro/devkitppc/bin/../lib/gcc/powerpc-eabi/4.6.3/crtbegin.o
 .rela.text.get_io_gcsdb
                0x00000000        0x0 c:/devkitpro/devkitppc/bin/../lib/gcc/powerpc-eabi/4.6.3/crtbegin.o
 .rela.text.wiiuse_handshake_expansion
                0x00000000        0x0 c:/devkitpro/devkitppc/bin/../lib/gcc/powerpc-eabi/4.6.3/crtbegin.o
 .rela.text.wiiuse_handshake
                0x00000000        0x0 c:/devkitpro/devkitppc/bin/../lib/gcc/powerpc-eabi/4.6.3/crtbegin.o
 .rela.text.wiiuse_init_cmd_queue
                0x00000000        0x0 c:/devkitpro/devkitppc/bin/../lib/gcc/powerpc-eabi/4.6.3/crtbegin.o
 .rela.text.wiiuse_init
                0x00000000        0x0 c:/devkitpro/devkitppc/bin/../lib/gcc/powerpc-eabi/4.6.3/crtbegin.o
 .rela.text.MP3Player_PlayBuffer
                0x00000000        0x0 c:/devkitpro/devkitppc/bin/../lib/gcc/powerpc-eabi/4.6.3/crtbegin.o
 .rela.text.III_decode
                0x00000000        0x0 c:/devkitpro/devkitppc/bin/../lib/gcc/powerpc-eabi/4.6.3/crtbegin.o
 .rela.text.bt_alarmhandler
                0x00000000        0x0 c:/devkitpro/devkitppc/bin/../lib/gcc/powerpc-eabi/4.6.3/crtbegin.o
 .rela.text.__lwp_thread_calcheir
                0x00000000        0x0 c:/devkitpro/devkitppc/bin/../lib/gcc/powerpc-eabi/4.6.3/crtbegin.o
 .rela.text.__lwp_wd_insert_ticks.constprop.4
                0x00000000        0x0 c:/devkitpro/devkitppc/bin/../lib/gcc/powerpc-eabi/4.6.3/crtbegin.o
 .rela.text.__lwp_rotate_readyqueue
                0x00000000        0x0 c:/devkitpro/devkitppc/bin/../lib/gcc/powerpc-eabi/4.6.3/crtbegin.o
 .rela.text.__lwp_thread_setpriority
                0x00000000        0x0 c:/devkitpro/devkitppc/bin/../lib/gcc/powerpc-eabi/4.6.3/crtbegin.o
 .rela.text.__lwp_thread_close
                0x00000000        0x0 c:/devkitpro/devkitppc/bin/../lib/gcc/powerpc-eabi/4.6.3/crtbegin.o
 .rela.text.__lwp_thread_closeall
                0x00000000        0x0 c:/devkitpro/devkitppc/bin/../lib/gcc/powerpc-eabi/4.6.3/crtbegin.o
 .rela.text.__lwp_thread_startmultitasking
                0x00000000        0x0 c:/devkitpro/devkitppc/bin/../lib/gcc/powerpc-eabi/4.6.3/crtbegin.o
 .rela.text.__lwp_thread_stopmultitasking
                0x00000000        0x0 c:/devkitpro/devkitppc/bin/../lib/gcc/powerpc-eabi/4.6.3/crtbegin.o
 .rela.text.__lwp_thread_coreinit
                0x00000000        0x0 c:/devkitpro/devkitppc/bin/../lib/gcc/powerpc-eabi/4.6.3/crtbegin.o
 .rela.text.__lwp_cntrl_free
                0x00000000        0x0 c:/devkitpro/devkitppc/bin/../lib/gcc/powerpc-eabi/4.6.3/crtbegin.o
 .rela.text.__lwp_tqueue_open
                0x00000000        0x0 c:/devkitpro/devkitppc/bin/../lib/gcc/powerpc-eabi/4.6.3/crtbegin.o
 .rela.text.__lwp_cntrl_open
                0x00000000        0x0 c:/devkitpro/devkitppc/bin/../lib/gcc/powerpc-eabi/4.6.3/crtbegin.o
 .rela.text.__lwp_sysinit
                0x00000000        0x0 c:/devkitpro/devkitppc/bin/../lib/gcc/powerpc-eabi/4.6.3/crtbegin.o
 .rela.text.__lwp_thread_isalive
                0x00000000        0x0 c:/devkitpro/devkitppc/bin/../lib/gcc/powerpc-eabi/4.6.3/crtbegin.o
 .rela.text.__lwp_thread_exists
                0x00000000        0x0 c:/devkitpro/devkitppc/bin/../lib/gcc/powerpc-eabi/4.6.3/crtbegin.o
 .rela.text.__lwp_thread_context
                0x00000000        0x0 c:/devkitpro/devkitppc/bin/../lib/gcc/powerpc-eabi/4.6.3/crtbegin.o
 .rela.text.LWP_CreateThread
                0x00000000        0x0 c:/devkitpro/devkitppc/bin/../lib/gcc/powerpc-eabi/4.6.3/crtbegin.o
 .rela.text.LWP_InitQueue
                0x00000000        0x0 c:/devkitpro/devkitppc/bin/../lib/gcc/powerpc-eabi/4.6.3/crtbegin.o
 .rela.text.LWP_CloseQueue
                0x00000000        0x0 c:/devkitpro/devkitppc/bin/../lib/gcc/powerpc-eabi/4.6.3/crtbegin.o
 .rela.text.__lwp_stack_allocate
                0x00000000        0x0 c:/devkitpro/devkitppc/bin/../lib/gcc/powerpc-eabi/4.6.3/crtbegin.o
 .rela.text.__lwp_stack_free
                0x00000000        0x0 c:/devkitpro/devkitppc/bin/../lib/gcc/powerpc-eabi/4.6.3/crtbegin.o
 .rela.text.__lwp_watchdog_init
                0x00000000        0x0 c:/devkitpro/devkitppc/bin/../lib/gcc/powerpc-eabi/4.6.3/crtbegin.o
 .rela.text.__lwp_wd_tickle
                0x00000000        0x0 c:/devkitpro/devkitppc/bin/../lib/gcc/powerpc-eabi/4.6.3/crtbegin.o
 .rela.text.__lwp_wkspace_heapfree
                0x00000000        0x0 c:/devkitpro/devkitppc/bin/../lib/gcc/powerpc-eabi/4.6.3/crtbegin.o
 .rela.text.__lwp_wkspace_heapused
                0x00000000        0x0 c:/devkitpro/devkitppc/bin/../lib/gcc/powerpc-eabi/4.6.3/crtbegin.o
 .rela.text.__lwp_wkspace_init
                0x00000000        0x0 c:/devkitpro/devkitppc/bin/../lib/gcc/powerpc-eabi/4.6.3/crtbegin.o
 .rela.text.__lwp_objmgr_initinfo
                0x00000000        0x0 c:/devkitpro/devkitppc/bin/../lib/gcc/powerpc-eabi/4.6.3/crtbegin.o
 .rela.text.__irq_init
                0x00000000        0x0 c:/devkitpro/devkitppc/bin/../lib/gcc/powerpc-eabi/4.6.3/crtbegin.o
 .rela.text.__lwp_mutex_locksupp.constprop.7
                0x00000000        0x0 c:/devkitpro/devkitppc/bin/../lib/gcc/powerpc-eabi/4.6.3/crtbegin.o
 .rela.text.__lwp_mutex_init
                0x00000000        0x0 c:/devkitpro/devkitppc/bin/../lib/gcc/powerpc-eabi/4.6.3/crtbegin.o
 .rela.text.LWP_MutexInit
                0x00000000        0x0 c:/devkitpro/devkitppc/bin/../lib/gcc/powerpc-eabi/4.6.3/crtbegin.o
 .rela.text.LWP_MutexDestroy
                0x00000000        0x0 c:/devkitpro/devkitppc/bin/../lib/gcc/powerpc-eabi/4.6.3/crtbegin.o
 .rela.text.LWP_MutexUnlock
                0x00000000        0x0 c:/devkitpro/devkitppc/bin/../lib/gcc/powerpc-eabi/4.6.3/crtbegin.o
 .rela.text.__call_resetfuncs
                0x00000000        0x0 c:/devkitpro/devkitppc/bin/../lib/gcc/powerpc-eabi/4.6.3/crtbegin.o
 .rela.text.__locksram
                0x00000000        0x0 c:/devkitpro/devkitppc/bin/../lib/gcc/powerpc-eabi/4.6.3/crtbegin.o
 .rela.text.__lwp_wd_insert_ticks
                0x00000000        0x0 c:/devkitpro/devkitppc/bin/../lib/gcc/powerpc-eabi/4.6.3/crtbegin.o
 .rela.text.__unlocksram
                0x00000000        0x0 c:/devkitpro/devkitppc/bin/../lib/gcc/powerpc-eabi/4.6.3/crtbegin.o
 .rela.text.__sram_writecallback
                0x00000000        0x0 c:/devkitpro/devkitppc/bin/../lib/gcc/powerpc-eabi/4.6.3/crtbegin.o
 .rela.text.__sram_init
                0x00000000        0x0 c:/devkitpro/devkitppc/bin/../lib/gcc/powerpc-eabi/4.6.3/crtbegin.o
 .rela.text.__SYS_SyncSram
                0x00000000        0x0 c:/devkitpro/devkitppc/bin/../lib/gcc/powerpc-eabi/4.6.3/crtbegin.o
 .rela.text.SYS_Init
                0x00000000        0x0 c:/devkitpro/devkitppc/bin/../lib/gcc/powerpc-eabi/4.6.3/crtbegin.o
 .rela.text.SYS_RemoveAlarm
                0x00000000        0x0 c:/devkitpro/devkitppc/bin/../lib/gcc/powerpc-eabi/4.6.3/crtbegin.o
 .rela.text.SYS_CancelAlarm
                0x00000000        0x0 c:/devkitpro/devkitppc/bin/../lib/gcc/powerpc-eabi/4.6.3/crtbegin.o
 .rela.text.__lwp_cond_open
                0x00000000        0x0 c:/devkitpro/devkitppc/bin/../lib/gcc/powerpc-eabi/4.6.3/crtbegin.o
 .rela.text.__lwp_cond_init
                0x00000000        0x0 c:/devkitpro/devkitppc/bin/../lib/gcc/powerpc-eabi/4.6.3/crtbegin.o
 .rela.text.LWP_CondInit
                0x00000000        0x0 c:/devkitpro/devkitppc/bin/../lib/gcc/powerpc-eabi/4.6.3/crtbegin.o
 .rela.text.LWP_CondDestroy
                0x00000000        0x0 c:/devkitpro/devkitppc/bin/../lib/gcc/powerpc-eabi/4.6.3/crtbegin.o
 .rela.text.__GX_FifoLink
                0x00000000        0x0 c:/devkitpro/devkitppc/bin/../lib/gcc/powerpc-eabi/4.6.3/crtbegin.o
 .rela.text.__GX_WriteFifoIntEnable
                0x00000000        0x0 c:/devkitpro/devkitppc/bin/../lib/gcc/powerpc-eabi/4.6.3/crtbegin.o
 .rela.text.__GX_FifoReadEnable
                0x00000000        0x0 c:/devkitpro/devkitppc/bin/../lib/gcc/powerpc-eabi/4.6.3/crtbegin.o
 .rela.text.__GX_FifoReadDisable
                0x00000000        0x0 c:/devkitpro/devkitppc/bin/../lib/gcc/powerpc-eabi/4.6.3/crtbegin.o
 .rela.text.__GX_InitRevBits
                0x00000000        0x0 c:/devkitpro/devkitppc/bin/../lib/gcc/powerpc-eabi/4.6.3/crtbegin.o
 .rela.text.__GXDefTexRegionCallback
                0x00000000        0x0 c:/devkitpro/devkitppc/bin/../lib/gcc/powerpc-eabi/4.6.3/crtbegin.o
 .rela.text.__GXDefTlutRegionCallback
                0x00000000        0x0 c:/devkitpro/devkitppc/bin/../lib/gcc/powerpc-eabi/4.6.3/crtbegin.o
 .rela.text.__GX_FlushTextureState
                0x00000000        0x0 c:/devkitpro/devkitppc/bin/../lib/gcc/powerpc-eabi/4.6.3/crtbegin.o
 .rela.text.__SetSURegs
                0x00000000        0x0 c:/devkitpro/devkitppc/bin/../lib/gcc/powerpc-eabi/4.6.3/crtbegin.o
 .rela.text.__SETVCDFMT
                0x00000000        0x0 c:/devkitpro/devkitppc/bin/../lib/gcc/powerpc-eabi/4.6.3/crtbegin.o
 .rela.text.__GX_SetMatrixIndex
                0x00000000        0x0 c:/devkitpro/devkitppc/bin/../lib/gcc/powerpc-eabi/4.6.3/crtbegin.o
 .rela.text.__GX_SetDirtyState
                0x00000000        0x0 c:/devkitpro/devkitppc/bin/../lib/gcc/powerpc-eabi/4.6.3/crtbegin.o
 .rela.text.__SETVCDATTR
                0x00000000        0x0 c:/devkitpro/devkitppc/bin/../lib/gcc/powerpc-eabi/4.6.3/crtbegin.o
 .rela.text.__GX_WriteFifoIntReset.constprop.6
                0x00000000        0x0 c:/devkitpro/devkitppc/bin/../lib/gcc/powerpc-eabi/4.6.3/crtbegin.o
 .rela.text.__GXCPInterruptHandler
                0x00000000        0x0 c:/devkitpro/devkitppc/bin/../lib/gcc/powerpc-eabi/4.6.3/crtbegin.o
 .rela.text.GX_Flush
                0x00000000        0x0 c:/devkitpro/devkitppc/bin/../lib/gcc/powerpc-eabi/4.6.3/crtbegin.o
 .rela.text.GX_EnableBreakPt
                0x00000000        0x0 c:/devkitpro/devkitppc/bin/../lib/gcc/powerpc-eabi/4.6.3/crtbegin.o
 .rela.text.GX_DisableBreakPt
                0x00000000        0x0 c:/devkitpro/devkitppc/bin/../lib/gcc/powerpc-eabi/4.6.3/crtbegin.o
 .rela.text.GX_AbortFrame
                0x00000000        0x0 c:/devkitpro/devkitppc/bin/../lib/gcc/powerpc-eabi/4.6.3/crtbegin.o
 .rela.text.GX_PixModeSync
                0x00000000        0x0 c:/devkitpro/devkitppc/bin/../lib/gcc/powerpc-eabi/4.6.3/crtbegin.o
 .rela.text.GX_SetMisc
                0x00000000        0x0 c:/devkitpro/devkitppc/bin/../lib/gcc/powerpc-eabi/4.6.3/crtbegin.o
 .rela.text.GX_SetCopyClamp
                0x00000000        0x0 c:/devkitpro/devkitppc/bin/../lib/gcc/powerpc-eabi/4.6.3/crtbegin.o
 .rela.text.GX_SetDispCopyGamma
                0x00000000        0x0 c:/devkitpro/devkitppc/bin/../lib/gcc/powerpc-eabi/4.6.3/crtbegin.o
 .rela.text.GX_SetDispCopyFrame2Field
                0x00000000        0x0 c:/devkitpro/devkitppc/bin/../lib/gcc/powerpc-eabi/4.6.3/crtbegin.o
 .rela.text.GX_SetDispCopyYScale
                0x00000000        0x0 c:/devkitpro/devkitppc/bin/../lib/gcc/powerpc-eabi/4.6.3/crtbegin.o
 .rela.text.GX_SetDispCopyDst
                0x00000000        0x0 c:/devkitpro/devkitppc/bin/../lib/gcc/powerpc-eabi/4.6.3/crtbegin.o
 .rela.text.GX_SetDispCopySrc
                0x00000000        0x0 c:/devkitpro/devkitppc/bin/../lib/gcc/powerpc-eabi/4.6.3/crtbegin.o
 .rela.text.GX_CopyDisp
                0x00000000        0x0 c:/devkitpro/devkitppc/bin/../lib/gcc/powerpc-eabi/4.6.3/crtbegin.o
 .rela.text.GX_CopyTex
                0x00000000        0x0 c:/devkitpro/devkitppc/bin/../lib/gcc/powerpc-eabi/4.6.3/crtbegin.o
 .rela.text.GX_SetTexCopySrc
                0x00000000        0x0 c:/devkitpro/devkitppc/bin/../lib/gcc/powerpc-eabi/4.6.3/crtbegin.o
 .rela.text.GX_SetTexCopyDst
                0x00000000        0x0 c:/devkitpro/devkitppc/bin/../lib/gcc/powerpc-eabi/4.6.3/crtbegin.o
 .rela.text.GX_BeginDispList
                0x00000000        0x0 c:/devkitpro/devkitppc/bin/../lib/gcc/powerpc-eabi/4.6.3/crtbegin.o
 .rela.text.GX_EndDispList
                0x00000000        0x0 c:/devkitpro/devkitppc/bin/../lib/gcc/powerpc-eabi/4.6.3/crtbegin.o
 .rela.text.GX_CallDispList
                0x00000000        0x0 c:/devkitpro/devkitppc/bin/../lib/gcc/powerpc-eabi/4.6.3/crtbegin.o
 .rela.text.GX_SetChanCtrl
                0x00000000        0x0 c:/devkitpro/devkitppc/bin/../lib/gcc/powerpc-eabi/4.6.3/crtbegin.o
 .rela.text.GX_SetChanAmbColor
                0x00000000        0x0 c:/devkitpro/devkitppc/bin/../lib/gcc/powerpc-eabi/4.6.3/crtbegin.o
 .rela.text.GX_SetChanMatColor
                0x00000000        0x0 c:/devkitpro/devkitppc/bin/../lib/gcc/powerpc-eabi/4.6.3/crtbegin.o
 .rela.text.GX_SetVtxDesc
                0x00000000        0x0 c:/devkitpro/devkitppc/bin/../lib/gcc/powerpc-eabi/4.6.3/crtbegin.o
 .rela.text.GX_SetVtxDescv
                0x00000000        0x0 c:/devkitpro/devkitppc/bin/../lib/gcc/powerpc-eabi/4.6.3/crtbegin.o
 .rela.text.GX_GetVtxDescv
                0x00000000        0x0 c:/devkitpro/devkitppc/bin/../lib/gcc/powerpc-eabi/4.6.3/crtbegin.o
 .rela.text.GX_SetVtxAttrFmt
                0x00000000        0x0 c:/devkitpro/devkitppc/bin/../lib/gcc/powerpc-eabi/4.6.3/crtbegin.o
 .rela.text.GX_SetVtxAttrFmtv
                0x00000000        0x0 c:/devkitpro/devkitppc/bin/../lib/gcc/powerpc-eabi/4.6.3/crtbegin.o
 .rela.text.GX_Begin
                0x00000000        0x0 c:/devkitpro/devkitppc/bin/../lib/gcc/powerpc-eabi/4.6.3/crtbegin.o
 .rela.text.GX_SetTexCoordGen2
                0x00000000        0x0 c:/devkitpro/devkitppc/bin/../lib/gcc/powerpc-eabi/4.6.3/crtbegin.o
 .rela.text.GX_SetCurrentMtx
                0x00000000        0x0 c:/devkitpro/devkitppc/bin/../lib/gcc/powerpc-eabi/4.6.3/crtbegin.o
 .rela.text.GX_SetNumTexGens
                0x00000000        0x0 c:/devkitpro/devkitppc/bin/../lib/gcc/powerpc-eabi/4.6.3/crtbegin.o
 .rela.text.GX_SetZMode
                0x00000000        0x0 c:/devkitpro/devkitppc/bin/../lib/gcc/powerpc-eabi/4.6.3/crtbegin.o
 .rela.text.GX_LoadTexObjPreloaded
                0x00000000        0x0 c:/devkitpro/devkitppc/bin/../lib/gcc/powerpc-eabi/4.6.3/crtbegin.o
 .rela.text.GX_SetTexCoordScaleManually
                0x00000000        0x0 c:/devkitpro/devkitppc/bin/../lib/gcc/powerpc-eabi/4.6.3/crtbegin.o
 .rela.text.GX_SetTexCoordCylWrap
                0x00000000        0x0 c:/devkitpro/devkitppc/bin/../lib/gcc/powerpc-eabi/4.6.3/crtbegin.o
 .rela.text.GX_SetTexCoordBias
                0x00000000        0x0 c:/devkitpro/devkitppc/bin/../lib/gcc/powerpc-eabi/4.6.3/crtbegin.o
 .rela.text.GX_SetBlendMode
                0x00000000        0x0 c:/devkitpro/devkitppc/bin/../lib/gcc/powerpc-eabi/4.6.3/crtbegin.o
 .rela.text.GX_ClearVtxDesc
                0x00000000        0x0 c:/devkitpro/devkitppc/bin/../lib/gcc/powerpc-eabi/4.6.3/crtbegin.o
 .rela.text.GX_SetLineWidth
                0x00000000        0x0 c:/devkitpro/devkitppc/bin/../lib/gcc/powerpc-eabi/4.6.3/crtbegin.o
 .rela.text.GX_SetPointSize
                0x00000000        0x0 c:/devkitpro/devkitppc/bin/../lib/gcc/powerpc-eabi/4.6.3/crtbegin.o
 .rela.text.GX_SetTevColorIn
                0x00000000        0x0 c:/devkitpro/devkitppc/bin/../lib/gcc/powerpc-eabi/4.6.3/crtbegin.o
 .rela.text.GX_SetTevAlphaIn
                0x00000000        0x0 c:/devkitpro/devkitppc/bin/../lib/gcc/powerpc-eabi/4.6.3/crtbegin.o
 .rela.text.GX_SetTevColorOp
                0x00000000        0x0 c:/devkitpro/devkitppc/bin/../lib/gcc/powerpc-eabi/4.6.3/crtbegin.o
 .rela.text.GX_SetTevAlphaOp
                0x00000000        0x0 c:/devkitpro/devkitppc/bin/../lib/gcc/powerpc-eabi/4.6.3/crtbegin.o
 .rela.text.GX_SetCullMode
                0x00000000        0x0 c:/devkitpro/devkitppc/bin/../lib/gcc/powerpc-eabi/4.6.3/crtbegin.o
 .rela.text.GX_SetCoPlanar
                0x00000000        0x0 c:/devkitpro/devkitppc/bin/../lib/gcc/powerpc-eabi/4.6.3/crtbegin.o
 .rela.text.GX_EnableTexOffsets
                0x00000000        0x0 c:/devkitpro/devkitppc/bin/../lib/gcc/powerpc-eabi/4.6.3/crtbegin.o
 .rela.text.GX_SetScissor
                0x00000000        0x0 c:/devkitpro/devkitppc/bin/../lib/gcc/powerpc-eabi/4.6.3/crtbegin.o
 .rela.text.GX_SetNumChans
                0x00000000        0x0 c:/devkitpro/devkitppc/bin/../lib/gcc/powerpc-eabi/4.6.3/crtbegin.o
 .rela.text.GX_SetTevOrder
                0x00000000        0x0 c:/devkitpro/devkitppc/bin/../lib/gcc/powerpc-eabi/4.6.3/crtbegin.o
 .rela.text.GX_SetNumTevStages
                0x00000000        0x0 c:/devkitpro/devkitppc/bin/../lib/gcc/powerpc-eabi/4.6.3/crtbegin.o
 .rela.text.GX_SetTevKColorSel
                0x00000000        0x0 c:/devkitpro/devkitppc/bin/../lib/gcc/powerpc-eabi/4.6.3/crtbegin.o
 .rela.text.GX_SetTevKAlphaSel
                0x00000000        0x0 c:/devkitpro/devkitppc/bin/../lib/gcc/powerpc-eabi/4.6.3/crtbegin.o
 .rela.text.GX_SetTevSwapMode
                0x00000000        0x0 c:/devkitpro/devkitppc/bin/../lib/gcc/powerpc-eabi/4.6.3/crtbegin.o
 .rela.text.GX_SetTevSwapModeTable
                0x00000000        0x0 c:/devkitpro/devkitppc/bin/../lib/gcc/powerpc-eabi/4.6.3/crtbegin.o
 .rela.text.GX_SetNumIndStages
                0x00000000        0x0 c:/devkitpro/devkitppc/bin/../lib/gcc/powerpc-eabi/4.6.3/crtbegin.o
 .rela.text.GX_SetIndTexCoordScale
                0x00000000        0x0 c:/devkitpro/devkitppc/bin/../lib/gcc/powerpc-eabi/4.6.3/crtbegin.o
 .rela.text.GX_SetColorUpdate
                0x00000000        0x0 c:/devkitpro/devkitppc/bin/../lib/gcc/powerpc-eabi/4.6.3/crtbegin.o
 .rela.text.GX_SetAlphaUpdate
                0x00000000        0x0 c:/devkitpro/devkitppc/bin/../lib/gcc/powerpc-eabi/4.6.3/crtbegin.o
 .rela.text.GX_SetZCompLoc
                0x00000000        0x0 c:/devkitpro/devkitppc/bin/../lib/gcc/powerpc-eabi/4.6.3/crtbegin.o
 .rela.text.GX_SetPixelFmt
                0x00000000        0x0 c:/devkitpro/devkitppc/bin/../lib/gcc/powerpc-eabi/4.6.3/crtbegin.o
 .rela.text.GX_SetDither
                0x00000000        0x0 c:/devkitpro/devkitppc/bin/../lib/gcc/powerpc-eabi/4.6.3/crtbegin.o
 .rela.text.GX_SetDstAlpha
                0x00000000        0x0 c:/devkitpro/devkitppc/bin/../lib/gcc/powerpc-eabi/4.6.3/crtbegin.o
 .rela.text.GX_SetFieldMode
                0x00000000        0x0 c:/devkitpro/devkitppc/bin/../lib/gcc/powerpc-eabi/4.6.3/crtbegin.o
 .rela.text.GX_SetIndTexOrder
                0x00000000        0x0 c:/devkitpro/devkitppc/bin/../lib/gcc/powerpc-eabi/4.6.3/crtbegin.o
 .rela.text.GX_SetGPMetric
                0x00000000        0x0 c:/devkitpro/devkitppc/bin/../lib/gcc/powerpc-eabi/4.6.3/crtbegin.o
 .rela.text.GX_Init
                0x00000000        0x0 c:/devkitpro/devkitppc/bin/../lib/gcc/powerpc-eabi/4.6.3/crtbegin.o
 .rela.text.GX_ReadGPMetric
                0x00000000        0x0 c:/devkitpro/devkitppc/bin/../lib/gcc/powerpc-eabi/4.6.3/crtbegin.o
 .rela.text.c_decrementer_handler
                0x00000000        0x0 c:/devkitpro/devkitppc/bin/../lib/gcc/powerpc-eabi/4.6.3/crtbegin.o
 .rela.text.__lwp_mqbox_free
                0x00000000        0x0 c:/devkitpro/devkitppc/bin/../lib/gcc/powerpc-eabi/4.6.3/crtbegin.o
 .rela.text.__lwp_mqbox_open
                0x00000000        0x0 c:/devkitpro/devkitppc/bin/../lib/gcc/powerpc-eabi/4.6.3/crtbegin.o
 .rela.text.__lwp_mqbox_init
                0x00000000        0x0 c:/devkitpro/devkitppc/bin/../lib/gcc/powerpc-eabi/4.6.3/crtbegin.o
 .rela.text.MQ_Init
                0x00000000        0x0 c:/devkitpro/devkitppc/bin/../lib/gcc/powerpc-eabi/4.6.3/crtbegin.o
 .rela.text.__ios_ioctlvformat_parse
                0x00000000        0x0 c:/devkitpro/devkitppc/bin/../lib/gcc/powerpc-eabi/4.6.3/crtbegin.o
 .rela.text.__ioctlvfmtCB
                0x00000000        0x0 c:/devkitpro/devkitppc/bin/../lib/gcc/powerpc-eabi/4.6.3/crtbegin.o
 .rela.text.IOS_IoctlvFormat
                0x00000000        0x0 c:/devkitpro/devkitppc/bin/../lib/gcc/powerpc-eabi/4.6.3/crtbegin.o
 .rela.text.IOS_IoctlvFormatAsync
                0x00000000        0x0 c:/devkitpro/devkitppc/bin/../lib/gcc/powerpc-eabi/4.6.3/crtbegin.o
 .rela.text.nanosleep
                0x00000000        0x0 c:/devkitpro/devkitppc/bin/../lib/gcc/powerpc-eabi/4.6.3/crtbegin.o
 .rela.text.__libc_delete_hook
                0x00000000        0x0 c:/devkitpro/devkitppc/bin/../lib/gcc/powerpc-eabi/4.6.3/crtbegin.o
 .rela.text.__libc_init
                0x00000000        0x0 c:/devkitpro/devkitppc/bin/../lib/gcc/powerpc-eabi/4.6.3/crtbegin.o
 .rela.text.__libc_wrapup
                0x00000000        0x0 c:/devkitpro/devkitppc/bin/../lib/gcc/powerpc-eabi/4.6.3/crtbegin.o
 .rela.text.__CheckARGV
                0x00000000        0x0 c:/devkitpro/devkitppc/bin/../lib/gcc/powerpc-eabi/4.6.3/crtbegin.o
 .rela.text.__lwp_priority_init
                0x00000000        0x0 c:/devkitpro/devkitppc/bin/../lib/gcc/powerpc-eabi/4.6.3/crtbegin.o
 .rela.text.__lwp_wd_remove_ticks
                0x00000000        0x0 c:/devkitpro/devkitppc/bin/../lib/gcc/powerpc-eabi/4.6.3/crtbegin.o
 .rela.text.__lwp_threadqueue_enqueue
                0x00000000        0x0 c:/devkitpro/devkitppc/bin/../lib/gcc/powerpc-eabi/4.6.3/crtbegin.o
 .rela.text.__lwpmq_initialize
                0x00000000        0x0 c:/devkitpro/devkitppc/bin/../lib/gcc/powerpc-eabi/4.6.3/crtbegin.o
 .rela.text.__lwpmq_close
                0x00000000        0x0 c:/devkitpro/devkitppc/bin/../lib/gcc/powerpc-eabi/4.6.3/crtbegin.o
 .rela.text.__systemcall_init
                0x00000000        0x0 c:/devkitpro/devkitppc/bin/../lib/gcc/powerpc-eabi/4.6.3/crtbegin.o
 .rela.text.__exception_init
                0x00000000        0x0 c:/devkitpro/devkitppc/bin/../lib/gcc/powerpc-eabi/4.6.3/crtbegin.o
 .rela.text.__exception_close
                0x00000000        0x0 c:/devkitpro/devkitppc/bin/../lib/gcc/powerpc-eabi/4.6.3/crtbegin.o
 .rela.text.__exception_sethandler
                0x00000000        0x0 c:/devkitpro/devkitppc/bin/../lib/gcc/powerpc-eabi/4.6.3/crtbegin.o
 .rela.text.__lwp_sema_open
                0x00000000        0x0 c:/devkitpro/devkitppc/bin/../lib/gcc/powerpc-eabi/4.6.3/crtbegin.o
 .rela.text.__lwp_sema_init
                0x00000000        0x0 c:/devkitpro/devkitppc/bin/../lib/gcc/powerpc-eabi/4.6.3/crtbegin.o
 .rela.text.LWP_SemInit
                0x00000000        0x0 c:/devkitpro/devkitppc/bin/../lib/gcc/powerpc-eabi/4.6.3/crtbegin.o
 .rela.text.LWP_SemDestroy
                0x00000000        0x0 c:/devkitpro/devkitppc/bin/../lib/gcc/powerpc-eabi/4.6.3/crtbegin.o
 .rela.text.kprintf
                0x00000000        0x0 c:/devkitpro/devkitppc/bin/../lib/gcc/powerpc-eabi/4.6.3/crtbegin.o
 .rela.text.__card_readcid
                0x00000000        0x0 c:/devkitpro/devkitppc/bin/../lib/gcc/powerpc-eabi/4.6.3/crtbegin.o
 .rela.text.__card_readcsd
                0x00000000        0x0 c:/devkitpro/devkitppc/bin/../lib/gcc/powerpc-eabi/4.6.3/crtbegin.o
 .rela.text.__card_sd_status
                0x00000000        0x0 c:/devkitpro/devkitppc/bin/../lib/gcc/powerpc-eabi/4.6.3/crtbegin.o
 .rela.text.sdgecko_initIO
                0x00000000        0x0 c:/devkitpro/devkitppc/bin/../lib/gcc/powerpc-eabi/4.6.3/crtbegin.o
 .rela.text.__console_init
                0x00000000        0x0 c:/devkitpro/devkitppc/bin/../lib/gcc/powerpc-eabi/4.6.3/crtbegin.o
 .rela.text.__console_init_ex
                0x00000000        0x0 c:/devkitpro/devkitppc/bin/../lib/gcc/powerpc-eabi/4.6.3/crtbegin.o
 .rela.text.CON_EnableGecko
                0x00000000        0x0 c:/devkitpro/devkitppc/bin/../lib/gcc/powerpc-eabi/4.6.3/crtbegin.o
 .rela.text._Znwj
                0x00000000        0x0 c:/devkitpro/devkitppc/bin/../lib/gcc/powerpc-eabi/4.6.3/crtbegin.o
 .rela.text.__gxx_personality_v0
                0x00000000        0x0 c:/devkitpro/devkitppc/bin/../lib/gcc/powerpc-eabi/4.6.3/crtbegin.o
 .rela.text.__cxa_call_unexpected
                0x00000000        0x0 c:/devkitpro/devkitppc/bin/../lib/gcc/powerpc-eabi/4.6.3/crtbegin.o
 .rela.text._ZSt9terminatev
                0x00000000        0x0 c:/devkitpro/devkitppc/bin/../lib/gcc/powerpc-eabi/4.6.3/crtbegin.o
 .rela.text._ZSt10unexpectedv
                0x00000000        0x0 c:/devkitpro/devkitppc/bin/../lib/gcc/powerpc-eabi/4.6.3/crtbegin.o
 .rela.text._ZSt13set_terminatePFvvE
                0x00000000        0x0 c:/devkitpro/devkitppc/bin/../lib/gcc/powerpc-eabi/4.6.3/crtbegin.o
 .rela.text._ZSt14set_unexpectedPFvvE
                0x00000000        0x0 c:/devkitpro/devkitppc/bin/../lib/gcc/powerpc-eabi/4.6.3/crtbegin.o
 .rela.text._ZNSt9exceptionD2Ev
                0x00000000        0x0 c:/devkitpro/devkitppc/bin/../lib/gcc/powerpc-eabi/4.6.3/crtbegin.o
 .rela.text._ZNSt13bad_exceptionD2Ev
                0x00000000        0x0 c:/devkitpro/devkitppc/bin/../lib/gcc/powerpc-eabi/4.6.3/crtbegin.o
 .rela.text._ZN10__cxxabiv115__forced_unwindD2Ev
                0x00000000        0x0 c:/devkitpro/devkitppc/bin/../lib/gcc/powerpc-eabi/4.6.3/crtbegin.o
 .rela.text._ZN10__cxxabiv119__foreign_exceptionD2Ev
                0x00000000        0x0 c:/devkitpro/devkitppc/bin/../lib/gcc/powerpc-eabi/4.6.3/crtbegin.o
 .rela.text._ZN10__cxxabiv119__foreign_exceptionD0Ev
                0x00000000        0x0 c:/devkitpro/devkitppc/bin/../lib/gcc/powerpc-eabi/4.6.3/crtbegin.o
 .rela.text._ZN10__cxxabiv115__forced_unwindD0Ev
                0x00000000        0x0 c:/devkitpro/devkitppc/bin/../lib/gcc/powerpc-eabi/4.6.3/crtbegin.o
 .rela.text._ZNSt13bad_exceptionD0Ev
                0x00000000        0x0 c:/devkitpro/devkitppc/bin/../lib/gcc/powerpc-eabi/4.6.3/crtbegin.o
 .rela.text._ZNSt9exceptionD0Ev
                0x00000000        0x0 c:/devkitpro/devkitppc/bin/../lib/gcc/powerpc-eabi/4.6.3/crtbegin.o
 .rela.text._ZNSt9bad_allocD2Ev
                0x00000000        0x0 c:/devkitpro/devkitppc/bin/../lib/gcc/powerpc-eabi/4.6.3/crtbegin.o
 .rela.text._ZN10__cxxabiv117__class_type_infoD2Ev
                0x00000000        0x0 c:/devkitpro/devkitppc/bin/../lib/gcc/powerpc-eabi/4.6.3/crtbegin.o
 .rela.text.__cxa_throw
                0x00000000        0x0 c:/devkitpro/devkitppc/bin/../lib/gcc/powerpc-eabi/4.6.3/crtbegin.o
 .rela.text._ZN10__cxxabiv120__si_class_type_infoD2Ev
                0x00000000        0x0 c:/devkitpro/devkitppc/bin/../lib/gcc/powerpc-eabi/4.6.3/crtbegin.o
 .rela.text._ZNSt9type_infoD2Ev
                0x00000000        0x0 c:/devkitpro/devkitppc/bin/../lib/gcc/powerpc-eabi/4.6.3/crtbegin.o
 .rela.text._ZNSt9type_infoD0Ev
                0x00000000        0x0 c:/devkitpro/devkitppc/bin/../lib/gcc/powerpc-eabi/4.6.3/crtbegin.o
 .rela.text._ZN9__gnu_cxx27__verbose_terminate_handlerEv
                0x00000000        0x0 c:/devkitpro/devkitppc/bin/../lib/gcc/powerpc-eabi/4.6.3/crtbegin.o
 .rela.text.atangent
                0x00000000        0x0 c:/devkitpro/devkitppc/bin/../lib/gcc/powerpc-eabi/4.6.3/crtbegin.o
 .rela.text.atangentf
                0x00000000        0x0 c:/devkitpro/devkitppc/bin/../lib/gcc/powerpc-eabi/4.6.3/crtbegin.o
 .rela.text.sinef
                0x00000000        0x0 c:/devkitpro/devkitppc/bin/../lib/gcc/powerpc-eabi/4.6.3/crtbegin.o
 .rela.text.sqrtf
                0x00000000        0x0 c:/devkitpro/devkitppc/bin/../lib/gcc/powerpc-eabi/4.6.3/crtbegin.o
 .rela.text.tanf
                0x00000000        0x0 c:/devkitpro/devkitppc/bin/../lib/gcc/powerpc-eabi/4.6.3/crtbegin.o
 .rela.text.calloc
                0x00000000        0x0 c:/devkitpro/devkitppc/bin/../lib/gcc/powerpc-eabi/4.6.3/crtbegin.o
 .rela.text.__errno
                0x00000000        0x0 c:/devkitpro/devkitppc/bin/../lib/gcc/powerpc-eabi/4.6.3/crtbegin.o
 .rela.text.exit
                0x00000000        0x0 c:/devkitpro/devkitppc/bin/../lib/gcc/powerpc-eabi/4.6.3/crtbegin.o
 .rela.text.fclose
                0x00000000        0x0 c:/devkitpro/devkitppc/bin/../lib/gcc/powerpc-eabi/4.6.3/crtbegin.o
 .rela.text.fflush
                0x00000000        0x0 c:/devkitpro/devkitppc/bin/../lib/gcc/powerpc-eabi/4.6.3/crtbegin.o
 .rela.text.std.isra.0
                0x00000000        0x0 c:/devkitpro/devkitppc/bin/../lib/gcc/powerpc-eabi/4.6.3/crtbegin.o
 .rela.text._cleanup
                0x00000000        0x0 c:/devkitpro/devkitppc/bin/../lib/gcc/powerpc-eabi/4.6.3/crtbegin.o
 .rela.text.__sfp
                0x00000000        0x0 c:/devkitpro/devkitppc/bin/../lib/gcc/powerpc-eabi/4.6.3/crtbegin.o
 .rela.text.__fp_lock_all
                0x00000000        0x0 c:/devkitpro/devkitppc/bin/../lib/gcc/powerpc-eabi/4.6.3/crtbegin.o
 .rela.text.__fp_unlock_all
                0x00000000        0x0 c:/devkitpro/devkitppc/bin/../lib/gcc/powerpc-eabi/4.6.3/crtbegin.o
 .rela.text._fopen_r
                0x00000000        0x0 c:/devkitpro/devkitppc/bin/../lib/gcc/powerpc-eabi/4.6.3/crtbegin.o
 .rela.text.fopen
                0x00000000        0x0 c:/devkitpro/devkitppc/bin/../lib/gcc/powerpc-eabi/4.6.3/crtbegin.o
 .rela.text.fprintf
                0x00000000        0x0 c:/devkitpro/devkitppc/bin/../lib/gcc/powerpc-eabi/4.6.3/crtbegin.o
 .rela.text.fputc
                0x00000000        0x0 c:/devkitpro/devkitppc/bin/../lib/gcc/powerpc-eabi/4.6.3/crtbegin.o
 .rela.text.fputs
                0x00000000        0x0 c:/devkitpro/devkitppc/bin/../lib/gcc/powerpc-eabi/4.6.3/crtbegin.o
 .rela.text.fread
                0x00000000        0x0 c:/devkitpro/devkitppc/bin/../lib/gcc/powerpc-eabi/4.6.3/crtbegin.o
 .rela.text._malloc_trim_r
                0x00000000        0x0 c:/devkitpro/devkitppc/bin/../lib/gcc/powerpc-eabi/4.6.3/crtbegin.o
 .rela.text._free_r
                0x00000000        0x0 c:/devkitpro/devkitppc/bin/../lib/gcc/powerpc-eabi/4.6.3/crtbegin.o
 .rela.text._fseek_r
                0x00000000        0x0 c:/devkitpro/devkitppc/bin/../lib/gcc/powerpc-eabi/4.6.3/crtbegin.o
 .rela.text.fseek
                0x00000000        0x0 c:/devkitpro/devkitppc/bin/../lib/gcc/powerpc-eabi/4.6.3/crtbegin.o
 .rela.text.ftell
                0x00000000        0x0 c:/devkitpro/devkitppc/bin/../lib/gcc/powerpc-eabi/4.6.3/crtbegin.o
 .rela.text.fwrite
                0x00000000        0x0 c:/devkitpro/devkitppc/bin/../lib/gcc/powerpc-eabi/4.6.3/crtbegin.o
 .rela.text._findenv
                0x00000000        0x0 c:/devkitpro/devkitppc/bin/../lib/gcc/powerpc-eabi/4.6.3/crtbegin.o
 .rela.text.getenv
                0x00000000        0x0 c:/devkitpro/devkitppc/bin/../lib/gcc/powerpc-eabi/4.6.3/crtbegin.o
 .rela.text._findenv_r
                0x00000000        0x0 c:/devkitpro/devkitppc/bin/../lib/gcc/powerpc-eabi/4.6.3/crtbegin.o
 .rela.text.gmtime
                0x00000000        0x0 c:/devkitpro/devkitppc/bin/../lib/gcc/powerpc-eabi/4.6.3/crtbegin.o
 .rela.text.loadlocale
                0x00000000        0x0 c:/devkitpro/devkitppc/bin/../lib/gcc/powerpc-eabi/4.6.3/crtbegin.o
 .rela.text.__smakebuf_r
                0x00000000        0x0 c:/devkitpro/devkitppc/bin/../lib/gcc/powerpc-eabi/4.6.3/crtbegin.o
 .rela.text._mbrtowc_r
                0x00000000        0x0 c:/devkitpro/devkitppc/bin/../lib/gcc/powerpc-eabi/4.6.3/crtbegin.o
 .rela.text.mbrtowc
                0x00000000        0x0 c:/devkitpro/devkitppc/bin/../lib/gcc/powerpc-eabi/4.6.3/crtbegin.o
 .rela.text._mbstowcs_r
                0x00000000        0x0 c:/devkitpro/devkitppc/bin/../lib/gcc/powerpc-eabi/4.6.3/crtbegin.o
 .rela.text.mktime
                0x00000000        0x0 c:/devkitpro/devkitppc/bin/../lib/gcc/powerpc-eabi/4.6.3/crtbegin.o
 .rela.text._mktm_r
                0x00000000        0x0 c:/devkitpro/devkitppc/bin/../lib/gcc/powerpc-eabi/4.6.3/crtbegin.o
 .rela.text.sscanf
                0x00000000        0x0 c:/devkitpro/devkitppc/bin/../lib/gcc/powerpc-eabi/4.6.3/crtbegin.o
 .rela.text._sscanf_r
                0x00000000        0x0 c:/devkitpro/devkitppc/bin/../lib/gcc/powerpc-eabi/4.6.3/crtbegin.o
 .rela.text._strtod_r
                0x00000000        0x0 c:/devkitpro/devkitppc/bin/../lib/gcc/powerpc-eabi/4.6.3/crtbegin.o
 .rela.text._wcrtomb_r
                0x00000000        0x0 c:/devkitpro/devkitppc/bin/../lib/gcc/powerpc-eabi/4.6.3/crtbegin.o
 .rela.text.wcrtomb
                0x00000000        0x0 c:/devkitpro/devkitppc/bin/../lib/gcc/powerpc-eabi/4.6.3/crtbegin.o
 .rela.text.wctob
                0x00000000        0x0 c:/devkitpro/devkitppc/bin/../lib/gcc/powerpc-eabi/4.6.3/crtbegin.o
 .rela.text._dtoa_r
                0x00000000        0x0 c:/devkitpro/devkitppc/bin/../lib/gcc/powerpc-eabi/4.6.3/crtbegin.o
 .rela.text.__hexdig_init
                0x00000000        0x0 c:/devkitpro/devkitppc/bin/../lib/gcc/powerpc-eabi/4.6.3/crtbegin.o
 .rela.text.__gethex
                0x00000000        0x0 c:/devkitpro/devkitppc/bin/../lib/gcc/powerpc-eabi/4.6.3/crtbegin.o
 .rela.text.__hexnan
                0x00000000        0x0 c:/devkitpro/devkitppc/bin/../lib/gcc/powerpc-eabi/4.6.3/crtbegin.o

.rel.fini
 *(.rel.fini)

.rela.fini
 *(.rela.fini)

.rel.rodata
 *(.rel.rodata .rel.rodata.* .rel.gnu.linkonce.r.*)

.rela.rodata    0x80004194        0x0
 *(.rela.rodata .rela.rodata.* .rela.gnu.linkonce.r.*)
 .rela.rodata   0x00000000        0x0 c:/devkitpro/devkitppc/bin/../lib/gcc/powerpc-eabi/4.6.3/crtbegin.o
 .rela.rodata.CSWTCH.18
                0x00000000        0x0 c:/devkitpro/devkitppc/bin/../lib/gcc/powerpc-eabi/4.6.3/crtbegin.o
 .rela.rodata.dotab_fat
                0x00000000        0x0 c:/devkitpro/devkitppc/bin/../lib/gcc/powerpc-eabi/4.6.3/crtbegin.o
 .rela.rodata.decoder_table
                0x00000000        0x0 c:/devkitpro/devkitppc/bin/../lib/gcc/powerpc-eabi/4.6.3/crtbegin.o
 .rela.rodata._ZTISt13bad_exception
                0x00000000        0x0 c:/devkitpro/devkitppc/bin/../lib/gcc/powerpc-eabi/4.6.3/crtbegin.o
 .rela.rodata._ZTVSt9exception
                0x00000000        0x0 c:/devkitpro/devkitppc/bin/../lib/gcc/powerpc-eabi/4.6.3/crtbegin.o
 .rela.rodata._ZTVSt13bad_exception
                0x00000000        0x0 c:/devkitpro/devkitppc/bin/../lib/gcc/powerpc-eabi/4.6.3/crtbegin.o
 .rela.rodata._ZTVN10__cxxabiv115__forced_unwindE
                0x00000000        0x0 c:/devkitpro/devkitppc/bin/../lib/gcc/powerpc-eabi/4.6.3/crtbegin.o
 .rela.rodata._ZTVN10__cxxabiv119__foreign_exceptionE
                0x00000000        0x0 c:/devkitpro/devkitppc/bin/../lib/gcc/powerpc-eabi/4.6.3/crtbegin.o
 .rela.rodata._ZTISt9bad_alloc
                0x00000000        0x0 c:/devkitpro/devkitppc/bin/../lib/gcc/powerpc-eabi/4.6.3/crtbegin.o
 .rela.rodata._ZTVSt9bad_alloc
                0x00000000        0x0 c:/devkitpro/devkitppc/bin/../lib/gcc/powerpc-eabi/4.6.3/crtbegin.o
 .rela.rodata._ZTIN10__cxxabiv117__class_type_infoE
                0x00000000        0x0 c:/devkitpro/devkitppc/bin/../lib/gcc/powerpc-eabi/4.6.3/crtbegin.o
 .rela.rodata._ZTVN10__cxxabiv117__class_type_infoE
                0x00000000        0x0 c:/devkitpro/devkitppc/bin/../lib/gcc/powerpc-eabi/4.6.3/crtbegin.o
 .rela.rodata._ZTIN10__cxxabiv120__si_class_type_infoE
                0x00000000        0x0 c:/devkitpro/devkitppc/bin/../lib/gcc/powerpc-eabi/4.6.3/crtbegin.o
 .rela.rodata._ZTVN10__cxxabiv120__si_class_type_infoE
                0x00000000        0x0 c:/devkitpro/devkitppc/bin/../lib/gcc/powerpc-eabi/4.6.3/crtbegin.o
 .rela.rodata._ZTVSt9type_info
                0x00000000        0x0 c:/devkitpro/devkitppc/bin/../lib/gcc/powerpc-eabi/4.6.3/crtbegin.o

.rel.data
 *(.rel.data .rel.data.* .rel.gnu.linkonce.d.*)

.rela.data
 *(.rela.data .rela.data.* .rela.gnu.linkonce.d.*)

.rel.tdata
 *(.rel.tdata .rel.tdata.* .rel.gnu.linkonce.td.*)

.rela.tdata
 *(.rela.tdata .rela.tdata.* .rela.gnu.linkonce.td.*)

.rel.tbss
 *(.rel.tbss .rel.tbss.* .rel.gnu.linkonce.tb.*)

.rela.tbss
 *(.rela.tbss .rela.tbss.* .rela.gnu.linkonce.tb.*)

.rel.ctors
 *(.rel.ctors)

.rela.ctors
 *(.rela.ctors)

.rel.dtors
 *(.rel.dtors)

.rela.dtors
 *(.rela.dtors)

.rel.got
 *(.rel.got)

.rela.got
 *(.rela.got)

.rela.got1
 *(.rela.got1)

.rela.got2      0x80004194        0x0
 *(.rela.got2)
 .rela.got2     0x00000000        0x0 c:/devkitpro/devkitppc/bin/../lib/gcc/powerpc-eabi/4.6.3/crtbegin.o

.rel.sdata
 *(.rel.sdata .rel.sdata.* .rel.gnu.linkonce.s.*)

.rela.sdata     0x80004194        0x0
 *(.rela.sdata .rela.sdata.* .rela.gnu.linkonce.s.*)
 .rela.sdata._ZTISt9exception
                0x00000000        0x0 c:/devkitpro/devkitppc/bin/../lib/gcc/powerpc-eabi/4.6.3/crtbegin.o
 .rela.sdata._ZTIN10__cxxabiv115__forced_unwindE
                0x00000000        0x0 c:/devkitpro/devkitppc/bin/../lib/gcc/powerpc-eabi/4.6.3/crtbegin.o
 .rela.sdata._ZTIN10__cxxabiv119__foreign_exceptionE
                0x00000000        0x0 c:/devkitpro/devkitppc/bin/../lib/gcc/powerpc-eabi/4.6.3/crtbegin.o
 .rela.sdata._ZTISt9type_info
                0x00000000        0x0 c:/devkitpro/devkitppc/bin/../lib/gcc/powerpc-eabi/4.6.3/crtbegin.o
 .rela.sdata._ZN10__cxxabiv119__terminate_handlerE
                0x00000000        0x0 c:/devkitpro/devkitppc/bin/../lib/gcc/powerpc-eabi/4.6.3/crtbegin.o

.rel.sbss
 *(.rel.sbss .rel.sbss.* .rel.gnu.linkonce.sb.*)

.rela.sbss
 *(.rela.sbss .rela.sbss.* .rel.gnu.linkonce.sb.*)

.rel.sdata2
 *(.rel.sdata2 .rel.sdata2.* .rel.gnu.linkonce.s2.*)

.rela.sdata2
 *(.rela.sdata2 .rela.sdata2.* .rela.gnu.linkonce.s2.*)

.rel.sbss2
 *(.rel.sbss2 .rel.sbss2.* .rel.gnu.linkonce.sb2.*)

.rela.sbss2
 *(.rela.sbss2 .rela.sbss2.* .rela.gnu.linkonce.sb2.*)

.rel.bss
 *(.rel.bss .rel.bss.* .rel.gnu.linkonce.b.*)

.rela.bss
 *(.rela.bss .rela.bss.* .rela.gnu.linkonce.b.*)

.rel.plt
 *(.rel.plt)

.rela.plt
 *(.rela.plt)

.text           0x800041a0   0x13af00
 *(.text)
 .text          0x800041a0      0x168 c:/devkitpro/devkitppc/bin/../lib/gcc/powerpc-eabi/4.6.3/crtbegin.o
 .text          0x80004308       0x44 c:/devkitpro/devkitppc/bin/../lib/gcc/powerpc-eabi/4.6.3/../../../../powerpc-eabi/lib/crtmain.o
                0x8000430c                __crtmain
 .text          0x8000434c      0x170 c:/devkitPro/libogc/lib/wii\libfreetype.a(ftinit.o)
                0x8000434c                FT_Add_Default_Modules
                0x800043c8                FT_Init_FreeType
                0x80004458                FT_Done_FreeType
 .text          0x800044bc    0x12f08 c:/devkitPro/libogc/lib/wii\libfreetype.a(ftbase.o)
                0x800045ec                FT_Get_Advance
                0x80004730                FT_Get_Advances
                0x80004990                FT_RoundFix
                0x800049f0                FT_CeilFix
                0x80004a50                FT_FloorFix
                0x80004a9c                FT_Sqrt32
                0x80004e04                FT_MulDiv
                0x80004fe0                FT_MulDiv_No_Round
                0x8000516c                FT_MulFix
                0x800052bc                FT_DivFix
                0x8000540c                FT_Matrix_Multiply
                0x80005608                FT_Matrix_Invert
                0x80005778                FT_Matrix_Multiply_Scaled
                0x800059a4                FT_Vector_Transform_Scaled
                0x80005af0                FT_SqrtFixed
                0x80005bc8                ft_corner_orientation
                0x80005d8c                ft_corner_is_flat
                0x80005ee4                FT_GlyphLoader_New
                0x80005f6c                FT_GlyphLoader_Rewind
                0x80006008                FT_GlyphLoader_Reset
                0x80006158                FT_GlyphLoader_Done
                0x800062fc                FT_GlyphLoader_CreateExtra
                0x8000643c                FT_GlyphLoader_CheckPoints
                0x800067d8                FT_GlyphLoader_CheckSubGlyphs
                0x8000690c                FT_GlyphLoader_Prepare
                0x80006988                FT_GlyphLoader_Add
                0x80006b38                FT_GlyphLoader_CopyPoints
                0x80006d28                ft_service_list_lookup
                0x80006de8                ft_validator_init
                0x80006e54                ft_validator_run
                0x80006e7c                ft_validator_error
                0x80006ec0                FT_Stream_New
                0x800070c8                FT_Stream_Free
                0x8000728c                ft_glyphslot_free_bitmap
                0x8000736c                ft_glyphslot_set_bitmap
                0x800073b8                ft_glyphslot_alloc_bitmap
                0x800077b8                FT_New_GlyphSlot
                0x80007934                FT_Done_GlyphSlot
                0x80007a80                FT_Set_Transform
                0x80007f0c                FT_Load_Glyph
                0x800086d8                FT_Load_Char
                0x800091b4                FT_New_Face
                0x8000923c                FT_New_Memory_Face
                0x8000ab5c                FT_Open_Face
                0x8000b360                FT_Attach_File
                0x8000b3d8                FT_Attach_Stream
                0x8000b520                FT_Reference_Face
                0x8000b568                FT_Done_Face
                0x8000b694                FT_New_Size
                0x8000b880                FT_Done_Size
                0x8000b9f0                FT_Match_Size
                0x8000bc74                ft_synthesize_vertical_metrics
                0x8000bee4                FT_Select_Metrics
                0x8000c0ac                FT_Request_Metrics
                0x8000c65c                FT_Select_Size
                0x8000c760                FT_Request_Size
                0x8000c8e0                FT_Set_Char_Size
                0x8000c9fc                FT_Set_Pixel_Sizes
                0x8000cb10                FT_Get_Kerning
                0x8000cda8                FT_Get_Track_Kerning
                0x8000cec0                FT_Select_Charmap
                0x8000d008                FT_Set_Charmap
                0x8000d12c                FT_Get_Charmap_Index
                0x8000d2a8                FT_CMap_Done
                0x8000d504                FT_CMap_New
                0x8000d740                FT_Get_Char_Index
                0x8000d7dc                FT_Get_First_Char
                0x8000d8cc                FT_Get_Next_Char
                0x8000d9e8                FT_Face_GetCharVariantIndex
                0x8000dad4                FT_Face_GetCharVariantIsDefault
                0x8000db78                FT_Face_GetVariantSelectors
                0x8000dc1c                FT_Face_GetVariantsOfChar
                0x8000dcc8                FT_Face_GetCharsOfVariant
                0x8000dd74                FT_Get_Name_Index
                0x8000def4                FT_Get_Glyph_Name
                0x8000e0c4                FT_Get_Postscript_Name
                0x8000e238                FT_Get_Sfnt_Table
                0x8000e334                FT_Load_Sfnt_Table
                0x8000e44c                FT_Sfnt_Table_Info
                0x8000e564                FT_Get_CMap_Language_ID
                0x8000e684                FT_Get_CMap_Format
                0x8000e7a4                FT_Activate_Size
                0x8000e828                FT_Lookup_Renderer
                0x8000ed34                FT_Get_Renderer
                0x8000ed80                FT_Set_Renderer
                0x8000eef8                FT_Render_Glyph_Internal
                0x8000f09c                FT_Render_Glyph
                0x8000f258                FT_Add_Module
                0x8000f6dc                FT_Get_Module
                0x8000f7d0                FT_Get_Module_Interface
                0x8000f840                ft_module_get_service
                0x8000f9c0                FT_Remove_Module
                0x8000fafc                FT_Reference_Library
                0x8000fb40                FT_New_Library
                0x8000fc84                FT_Library_Version
                0x8000fd58                FT_Done_Library
                0x8000fff4                FT_Set_Debug_Hook
                0x80010064                FT_Get_TrueType_Engine_Type
                0x80010100                ft_stub_set_char_sizes
                0x80010218                ft_stub_set_pixel_sizes
                0x800102ec                FT_Get_SubGlyph_Info
                0x80010444                FT_Outline_Decompose
                0x80010c08                FT_Outline_New_Internal
                0x80010ddc                FT_Outline_New
                0x80010e54                FT_Outline_Check
                0x80010f90                FT_Outline_Copy
                0x8001116c                FT_Outline_Done_Internal
                0x8001129c                FT_Outline_Done
                0x80011304                FT_Outline_Get_CBox
                0x800114c8                FT_Outline_Translate
                0x80011598                FT_Outline_Reverse
                0x800117a8                FT_Outline_Render
                0x80011910                FT_Outline_Get_Bitmap
                0x800119dc                FT_Vector_Transform
                0x80011b08                FT_Outline_Transform
                0x80011bb8                FT_Outline_Embolden
                0x80011c04                FT_Outline_EmboldenXY
                0x80012034                FT_Outline_Get_Orientation
                0x800121e4                FT_Raccess_Get_HeaderInfo
                0x800125e8                FT_Raccess_Get_DataOffsets
                0x80012a0c                FT_Raccess_Guess
                0x8001377c                FT_Get_Sfnt_Name_Count
                0x800137dc                FT_Get_Sfnt_Name
                0x80013a88                FT_Stream_OpenMemory
                0x80013b10                FT_Stream_Close
                0x80013b78                FT_Stream_Seek
                0x80013c48                FT_Stream_Skip
                0x80013cb8                FT_Stream_Pos
                0x80013ce8                FT_Stream_Read
                0x80013d48                FT_Stream_ReadAt
                0x80013e88                FT_Stream_TryRead
                0x80013fd4                FT_Stream_ExtractFrame
                0x80014068                FT_Stream_ReleaseFrame
                0x80014104                FT_Stream_EnterFrame
                0x8001435c                FT_Stream_ExitFrame
                0x800143f8                FT_Stream_GetChar
                0x80014478                FT_Stream_GetUShort
                0x80014538                FT_Stream_GetUShortLE
                0x800145f8                FT_Stream_GetUOffset
                0x800146c0                FT_Stream_GetULong
                0x800147a4                FT_Stream_GetULongLE
                0x80014888                FT_Stream_ReadChar
                0x800149bc                FT_Stream_ReadUShort
                0x80014b58                FT_Stream_ReadUShortLE
                0x80014cf4                FT_Stream_ReadUOffset
                0x80014e98                FT_Stream_ReadULong
                0x80015058                FT_Stream_ReadULongLE
                0x80015218                FT_Stream_ReadFields
                0x80015fd0                FT_Cos
                0x80016034                FT_Sin
                0x80016080                FT_Tan
                0x800160f0                FT_Atan2
                0x80016174                FT_Vector_Unit
                0x80016210                FT_Vector_Rotate
                0x80016388                FT_Vector_Length
                0x80016484                FT_Vector_Polarize
                0x80016568                FT_Vector_From_Polar
                0x800165cc                FT_Angle_Diff
                0x80016688                ft_mem_alloc
                0x80016720                ft_mem_qalloc
                0x800167d8                ft_mem_realloc
                0x800168b4                ft_mem_qrealloc
                0x80016a3c                ft_mem_free
                0x80016a98                ft_mem_dup
                0x80016b44                ft_mem_strdup
                0x80016bc0                ft_mem_strcpyn
                0x80016c7c                FT_List_Find
                0x80016cf8                FT_List_Add
                0x80016d8c                FT_List_Insert
                0x80016e20                FT_List_Remove
                0x80016ec4                FT_List_Up
                0x80016fac                FT_List_Iterate
                0x80017058                FT_List_Finalize
                0x80017134                ft_highpow2
                0x8001718c                FT_Alloc
                0x800171f0                FT_QAlloc
                0x80017254                FT_Realloc
                0x800172d4                FT_QRealloc
                0x80017354                FT_Free
 .text          0x800173c4    0x1813c c:/devkitPro/libogc/lib/wii\libfreetype.a(truetype.o)
                0x80020cbc                TT_New_Context
                0x80029ecc                TT_RunIns
 .text          0x8002f500     0xb8c0 c:/devkitPro/libogc/lib/wii\libfreetype.a(type1.o)
 .text          0x8003adc0     0xdefc c:/devkitPro/libogc/lib/wii\libfreetype.a(cff.o)
 .text          0x80048cbc     0x3e7c c:/devkitPro/libogc/lib/wii\libfreetype.a(type1cid.o)
 .text          0x8004cb38     0x81a8 c:/devkitPro/libogc/lib/wii\libfreetype.a(pfr.o)
 .text          0x80054ce0     0x44c4 c:/devkitPro/libogc/lib/wii\libfreetype.a(type42.o)
 .text          0x800591a4     0x212c c:/devkitPro/libogc/lib/wii\libfreetype.a(winfnt.o)
 .text          0x8005b2d0     0x3ffc c:/devkitPro/libogc/lib/wii\libfreetype.a(pcf.o)
 .text          0x8005f2cc     0x8690 c:/devkitPro/libogc/lib/wii\libfreetype.a(bdf.o)
 .text          0x8006795c    0x12a48 c:/devkitPro/libogc/lib/wii\libfreetype.a(sfnt.o)
 .text          0x8007a3a4     0xd088 c:/devkitPro/libogc/lib/wii\libfreetype.a(autofit.o)
                0x8007b3c8                af_glyph_hints_dump_points
                0x8007b3e8                af_glyph_hints_dump_segments
                0x8007b408                af_glyph_hints_get_num_segments
                0x8007b438                af_glyph_hints_get_segment_offset
                0x8007b46c                af_glyph_hints_dump_edges
 .text          0x8008742c     0x7f60 c:/devkitPro/libogc/lib/wii\libfreetype.a(pshinter.o)
                0x8008ee6c                ps_hints_apply
 .text          0x8008f38c     0x6270 c:/devkitPro/libogc/lib/wii\libfreetype.a(raster.o)
 .text          0x800955fc     0x42c8 c:/devkitPro/libogc/lib/wii\libfreetype.a(smooth.o)
 .text          0x800998c4     0x71c8 c:/devkitPro/libogc/lib/wii\libfreetype.a(ftgzip.o)
                0x800a07e4                FT_Stream_OpenGzip
 .text          0x800a0a8c     0x19a8 c:/devkitPro/libogc/lib/wii\libfreetype.a(ftlzw.o)
                0x800a12b0                FT_Stream_OpenLZW
                0x800a1ae4                ft_lzwstate_reset
                0x800a1b84                ft_lzwstate_init
                0x800a1c58                ft_lzwstate_done
                0x800a1d38                ft_lzwstate_io
 .text          0x800a2434     0x8468 c:/devkitPro/libogc/lib/wii\libfreetype.a(psaux.o)
 .text          0x800aa89c     0x10fc c:/devkitPro/libogc/lib/wii\libfreetype.a(psnames.o)
 .text          0x800ab998      0x460 c:/devkitPro/libogc/lib/wii\libfreetype.a(ftsystem.o)
                0x800abbac                FT_Stream_Open
                0x800abd24                FT_New_Memory
                0x800abdc0                FT_Done_Memory
 *fill*         0x800abdf8        0x8 00000000
 .text          0x800abe00      0x44c c:/devkitPro/libogc/lib/wii\libogc.a(lwp_handler.o)
                0x800abe00                _cpu_context_save_fp
                0x800abf40                _cpu_context_restore_fp
                0x800ac080                _cpu_context_switch
                0x800ac160                _cpu_context_save
                0x800ac1e0                _cpu_context_restore
 .text          0x800ac24c      0x4f4 c:/devkitPro/libogc/lib/wii\libogc.a(cache_asm.o)
                0x800ac24c                DCFlashInvalidate
                0x800ac260                DCEnable
                0x800ac274                DCDisable
                0x800ac288                DCFreeze
                0x800ac29c                DCUnfreeze
                0x800ac2b0                DCTouchLoad
                0x800ac2b8                DCBlockZero
                0x800ac2c0                DCBlockStore
                0x800ac2c8                DCBlockFlush
                0x800ac2d0                DCBlockInvalidate
                0x800ac2d8                DCInvalidateRange
                0x800ac308                DCFlushRange
                0x800ac33c                DCStoreRange
                0x800ac370                DCFlushRangeNoSync
                0x800ac3a0                DCStoreRangeNoSync
                0x800ac3d0                DCZeroRange
                0x800ac400                DCTouchRange
                0x800ac430                ICInvalidateRange
                0x800ac468                ICFlashInvalidate
                0x800ac47c                ICEnable
                0x800ac490                ICDisable
                0x800ac4a4                ICFreeze
                0x800ac4b8                ICUnfreeze
                0x800ac4cc                ICBlockInvalidate
                0x800ac4d4                ICSync
                0x800ac4dc                L2Init
                0x800ac524                L2Enable
                0x800ac540                L2Disable
                0x800ac558                L2GlobalInvalidate
                0x800ac5b0                __LCEnable
                0x800ac67c                LCDisable
                0x800ac6a4                LCAllocOneTag
                0x800ac6b8                LCAllocTags
                0x800ac6f8                LCLoadBlocks
                0x800ac71c                LCStoreBlocks
 .text          0x800ac740      0x4a0 c:/devkitPro/libogc/lib/wii\libogc.a(system_asm.o)
                0x800ac740                __realmode
                0x800ac758                __configBATS
                0x800ac888                __InitFPRS
                0x800ac9b4                __InitPS
                0x800aca10                __InitCache
                0x800aca68                __InitSystem
                0x800acaf0                __flush_cache
                0x800acb24                __reset
                0x800acb94                __InitBATS
                0x800acbb0                SYS_SwitchFiber
 .text          0x800acbe0      0x8dc c:/devkitPro/libogc/lib/wii\libogc.a(gu_psasm.o)
                0x800acbe0                ps_guMtxConcat
                0x800acca4                ps_guMtxIdentity
                0x800accd0                ps_guMtxCopy
                0x800acd04                ps_guMtxTranspose
                0x800acd54                ps_guMtxInverse
                0x800ace4c                ps_guMtxInvXpose
                0x800acf14                ps_guMtxScale
                0x800acf3c                ps_guMtxScaleApply
                0x800acf94                ps_guMtxApplyScale
                0x800acff8                ps_guMtxTrans
                0x800ad02c                ps_guMtxTransApply
                0x800ad078                ps_guMtxApplyTrans
                0x800ad0f4                ps_guMtxRotTrig
                0x800ad1a4                __ps_guMtxRotAxisRadInternal
                0x800ad264                ps_guMtxReflect
                0x800ad2d4                ps_guVecAdd
                0x800ad2f8                ps_guVecSub
                0x800ad31c                ps_guVecScale
                0x800ad338                ps_guVecNormalize
                0x800ad37c                ps_guVecCross
                0x800ad3b8                ps_guVecDotProduct
                0x800ad3d8                ps_guVecMultiply
                0x800ad42c                ps_guVecMultiplySR
                0x800ad49c                ps_guQuatDotProduct
 .text          0x800ad4bc      0x1ac c:/devkitPro/libogc/lib/wii\libogc.a(irq_handler.o)
                0x800ad4bc                irq_exceptionhandler
 .text          0x800ad668      0x1ac c:/devkitPro/libogc/lib/wii\libogc.a(decrementer_handler.o)
                0x800ad668                dec_exceptionhandler
 .text          0x800ad814      0x35c c:/devkitPro/libogc/lib/wii\libogc.a(exception_handler.o)
                0x800ad814                exceptionhandler_start
                0x800ad890                exceptionhandler_patch
                0x800ad8c4                exceptionhandler_end
                0x800ad8c8                default_exceptionhandler
                0x800ad9f8                fpu_exceptionhandler
                0x800adb40                systemcallhandler_start
                0x800adb6c                systemcallhandler_end
 .text          0x800adb70     0x7930 c:/devkitpro/devkitppc/bin/../lib/gcc/powerpc-eabi/4.6.3/../../../../powerpc-eabi/lib\libstdc++.a(cp-demangle.o)
                0x800b52b0                __cxa_demangle
                0x800b5454                __gcclibcxx_demangle_callback
 .text          0x800b54a0       0x40 c:/devkitpro/devkitppc/bin/../lib/gcc/powerpc-eabi/4.6.3\libgcc.a(_ashldi3.o)
                0x800b54a0                __ashldi3
 .text          0x800b54e0      0x448 c:/devkitpro/devkitppc/bin/../lib/gcc/powerpc-eabi/4.6.3\libgcc.a(_divdi3.o)
                0x800b54e0                __divdi3
 .text          0x800b5928      0x400 c:/devkitpro/devkitppc/bin/../lib/gcc/powerpc-eabi/4.6.3\libgcc.a(_udivdi3.o)
                0x800b5928                __udivdi3
 .text          0x800b5d28      0x3d4 c:/devkitpro/devkitppc/bin/../lib/gcc/powerpc-eabi/4.6.3\libgcc.a(_umoddi3.o)
                0x800b5d28                __umoddi3
 .text          0x800b60fc       0x48 c:/devkitpro/devkitppc/bin/../lib/gcc/powerpc-eabi/4.6.3\libgcc.a(eabi.o)
                0x800b60fc                __eabi
 .text          0x800b6144       0x4c c:/devkitpro/devkitppc/bin/../lib/gcc/powerpc-eabi/4.6.3\libgcc.a(crtsavfpr.o)
                0x800b6144                _savefpr_14
                0x800b6148                _savefpr_15
                0x800b614c                _savefpr_16
                0x800b6150                _savefpr_17
                0x800b6154                _savefpr_18
                0x800b6158                _savefpr_19
                0x800b615c                _savefpr_20
                0x800b6160                _savefpr_21
                0x800b6164                _savefpr_22
                0x800b6168                _savefpr_23
                0x800b616c                _savefpr_24
                0x800b6170                _savefpr_25
                0x800b6174                _savefpr_26
                0x800b6178                _savefpr_27
                0x800b617c                _savefpr_28
                0x800b6180                _savefpr_29
                0x800b6184                _savefpr_30
                0x800b6188                _savefpr_31
 .text          0x800b6190       0x4c c:/devkitpro/devkitppc/bin/../lib/gcc/powerpc-eabi/4.6.3\libgcc.a(crtsavgpr.o)
                0x800b6190                _savegpr_14
                0x800b6194                _savegpr_15
                0x800b6198                _savegpr_16
                0x800b619c                _savegpr_17
                0x800b61a0                _savegpr_18
                0x800b61a4                _savegpr_19
                0x800b61a8                _savegpr_20
                0x800b61ac                _savegpr_21
                0x800b61b0                _savegpr_22
                0x800b61b4                _savegpr_23
                0x800b61b8                _savegpr_24
                0x800b61bc                _savegpr_25
                0x800b61c0                _savegpr_26
                0x800b61c4                _savegpr_27
                0x800b61c8                _savegpr_28
                0x800b61cc                _savegpr_29
                0x800b61d0                _savegpr_30
                0x800b61d4                _savegpr_31
 .text          0x800b61dc       0x4c c:/devkitpro/devkitppc/bin/../lib/gcc/powerpc-eabi/4.6.3\libgcc.a(crtresgpr.o)
                0x800b61dc                _restgpr_14
                0x800b61e0                _restgpr_15
                0x800b61e4                _restgpr_16
                0x800b61e8                _restgpr_17
                0x800b61ec                _restgpr_18
                0x800b61f0                _restgpr_19
                0x800b61f4                _restgpr_20
                0x800b61f8                _restgpr_21
                0x800b61fc                _restgpr_22
                0x800b6200                _restgpr_23
                0x800b6204                _restgpr_24
                0x800b6208                _restgpr_25
                0x800b620c                _restgpr_26
                0x800b6210                _restgpr_27
                0x800b6214                _restgpr_28
                0x800b6218                _restgpr_29
                0x800b621c                _restgpr_30
                0x800b6220                _restgpr_31
 .text          0x800b6228       0x58 c:/devkitpro/devkitppc/bin/../lib/gcc/powerpc-eabi/4.6.3\libgcc.a(crtresxfpr.o)
                0x800b6228                _restfpr_14_x
                0x800b622c                _restfpr_15_x
                0x800b6230                _restfpr_16_x
                0x800b6234                _restfpr_17_x
                0x800b6238                _restfpr_18_x
                0x800b623c                _restfpr_19_x
                0x800b6240                _restfpr_20_x
                0x800b6244                _restfpr_21_x
                0x800b6248                _restfpr_22_x
                0x800b624c                _restfpr_23_x
                0x800b6250                _restfpr_24_x
                0x800b6254                _restfpr_25_x
                0x800b6258                _restfpr_26_x
                0x800b625c                _restfpr_27_x
                0x800b6260                _restfpr_28_x
                0x800b6264                _restfpr_29_x
                0x800b6268                _restfpr_30_x
                0x800b626c                _restfpr_31_x
 .text          0x800b6280       0x58 c:/devkitpro/devkitppc/bin/../lib/gcc/powerpc-eabi/4.6.3\libgcc.a(crtresxgpr.o)
                0x800b6280                _restgpr_14_x
                0x800b6284                _restgpr_15_x
                0x800b6288                _restgpr_16_x
                0x800b628c                _restgpr_17_x
                0x800b6290                _restgpr_18_x
                0x800b6294                _restgpr_19_x
                0x800b6298                _restgpr_20_x
                0x800b629c                _restgpr_21_x
                0x800b62a0                _restgpr_22_x
                0x800b62a4                _restgpr_23_x
                0x800b62a8                _restgpr_24_x
                0x800b62ac                _restgpr_25_x
                0x800b62b0                _restgpr_26_x
                0x800b62b4                _restgpr_27_x
                0x800b62b8                _restgpr_28_x
                0x800b62bc                _restgpr_29_x
                0x800b62c0                _restgpr_30_x
                0x800b62c4                _restgpr_31_x
 .text          0x800b62d8     0x3004 c:/devkitpro/devkitppc/bin/../lib/gcc/powerpc-eabi/4.6.3\libgcc.a(unwind-dw2.o)
                0x800b8614                _Unwind_GetGR
                0x800b8688                _Unwind_GetCFA
                0x800b8690                _Unwind_SetGR
                0x800b8718                _Unwind_GetIP
                0x800b8720                _Unwind_GetIPInfo
                0x800b8734                _Unwind_SetIP
                0x800b873c                _Unwind_GetLanguageSpecificData
                0x800b8744                _Unwind_GetRegionStart
                0x800b874c                _Unwind_FindEnclosingFunction
                0x800b8784                _Unwind_GetDataRelBase
                0x800b878c                _Unwind_GetTextRelBase
                0x800b8794                __frame_state_for
                0x800b88b0                _Unwind_RaiseException
                0x800b8b2c                _Unwind_ForcedUnwind
                0x800b8d14                _Unwind_Resume
                0x800b8efc                _Unwind_Resume_or_Rethrow
                0x800b90e8                _Unwind_DeleteException
                0x800b9120                _Unwind_Backtrace
 .text          0x800b92dc     0x18f8 c:/devkitpro/devkitppc/bin/../lib/gcc/powerpc-eabi/4.6.3\libgcc.a(unwind-dw2-fde.o)
                0x800ba6c8                __register_frame_info_bases
                0x800ba710                __register_frame_info
                0x800ba75c                __register_frame
                0x800ba7cc                __register_frame_info_table_bases
                0x800ba800                __register_frame_info_table
                0x800ba838                __register_frame_table
                0x800ba89c                __deregister_frame_info_bases
                0x800ba9bc                __deregister_frame_info
                0x800ba9c0                __deregister_frame
                0x800ba9f0                _Unwind_Find_FDE
 .text          0x800babd4       0x28 c:/devkitpro/devkitppc/bin/../lib/gcc/powerpc-eabi/4.6.3/../../../../powerpc-eabi/lib\libsysbase.a(abort.o)
                0x800babd4                abort
 .text          0x800babfc      0x2ec c:/devkitpro/devkitppc/bin/../lib/gcc/powerpc-eabi/4.6.3/../../../../powerpc-eabi/lib\libsysbase.a(iosupport.o)
                0x800babfc                setDefaultDevice
                0x800bac14                FindDevice
                0x800bad38                RemoveDevice
                0x800bad88                AddDevice
                0x800baea4                GetDeviceOpTab
 .text          0x800baee8       0x28 c:/devkitpro/devkitppc/bin/../lib/gcc/powerpc-eabi/4.6.3/../../../../powerpc-eabi/lib\libsysbase.a(_exit.o)
                0x800baee8                _exit
 .text          0x800baf10      0x4cc c:/devkitpro/devkitppc/bin/../lib/gcc/powerpc-eabi/4.6.3/../../../../powerpc-eabi/lib\libsysbase.a(chdir.o)
                0x800baf10                _concatenate_path
                0x800bb160                chdir
                0x800bb2f8                getcwd
 .text          0x800bb3dc       0x90 c:/devkitpro/devkitppc/bin/../lib/gcc/powerpc-eabi/4.6.3/../../../../powerpc-eabi/lib\libsysbase.a(build_argv.o)
                0x800bb3dc                build_argv
 .text          0x800bb46c      0x168 c:/devkitpro/devkitppc/bin/../lib/gcc/powerpc-eabi/4.6.3/../../../../powerpc-eabi/lib\libsysbase.a(syscall_support.o)
                0x800bb46c                __libc_lock_init
                0x800bb4ac                __libc_lock_close
                0x800bb4ec                __libc_lock_release
                0x800bb52c                __libc_lock_acquire
                0x800bb56c                __malloc_lock
                0x800bb5a0                __malloc_unlock
 .text          0x800bb5d4      0x180 c:/devkitpro/devkitppc/bin/../lib/gcc/powerpc-eabi/4.6.3/../../../../powerpc-eabi/lib\libc.a(lib_a-setjmp.o)
                0x800bb5d4                setjmp
                0x800bb690                longjmp
 .text          0x800bb754       0x98 c:/devkitpro/devkitppc/bin/../lib/gcc/powerpc-eabi/4.6.3/../../../../powerpc-eabi/lib\libsysbase.a(close.o)
                0x800bb754                _close_r
 .text          0x800bb7ec       0xc8 c:/devkitpro/devkitppc/bin/../lib/gcc/powerpc-eabi/4.6.3/../../../../powerpc-eabi/lib\libsysbase.a(fstat.o)
                0x800bb7ec                _fstat_r
 .text          0x800bb8b4        0x8 c:/devkitpro/devkitppc/bin/../lib/gcc/powerpc-eabi/4.6.3/../../../../powerpc-eabi/lib\libsysbase.a(isatty.o)
                0x800bb8b4                _isatty_r
 .text          0x800bb8bc       0xcc c:/devkitpro/devkitppc/bin/../lib/gcc/powerpc-eabi/4.6.3/../../../../powerpc-eabi/lib\libsysbase.a(lseek.o)
                0x800bb8bc                _lseek_r
 .text          0x800bb988      0x14c c:/devkitpro/devkitppc/bin/../lib/gcc/powerpc-eabi/4.6.3/../../../../powerpc-eabi/lib\libsysbase.a(open.o)
                0x800bb988                _open_r
 .text          0x800bbad4       0xac c:/devkitpro/devkitppc/bin/../lib/gcc/powerpc-eabi/4.6.3/../../../../powerpc-eabi/lib\libsysbase.a(read.o)
                0x800bbad4                _read_r
 .text          0x800bbb80       0x50 c:/devkitpro/devkitppc/bin/../lib/gcc/powerpc-eabi/4.6.3/../../../../powerpc-eabi/lib\libsysbase.a(sbrk.o)
                0x800bbb80                _sbrk_r
 .text          0x800bbbd0       0xac c:/devkitpro/devkitppc/bin/../lib/gcc/powerpc-eabi/4.6.3/../../../../powerpc-eabi/lib\libsysbase.a(write.o)
                0x800bbbd0                _write_r
 .text          0x800bbc7c       0x6c c:/devkitpro/devkitppc/bin/../lib/gcc/powerpc-eabi/4.6.3/../../../../powerpc-eabi/lib\libsysbase.a(flock.o)
                0x800bbc7c                __flockfile
                0x800bbcc4                __funlockfile
 .text          0x800bbce8      0x174 c:/devkitpro/devkitppc/bin/../lib/gcc/powerpc-eabi/4.6.3/../../../../powerpc-eabi/lib\libsysbase.a(handle_manager.o)
                0x800bbce8                __release_handle
                0x800bbd44                __alloc_handle
                0x800bbe38                __get_handle
 .text          0x800bbe5c       0x6c c:/devkitpro/devkitppc/bin/../lib/gcc/powerpc-eabi/4.6.3/crtend.o
 *(.text.*)
 .text.GRRLIB_SetMidHandle.part.1
                0x800bbec8       0x68 template.o
 .text._Z41__static_initialization_and_destruction_0ii.constprop.52
                0x800bbf30       0xac template.o
 .text._Z7IR_Initv
                0x800bbfdc       0x24 template.o
                0x800bbfdc                IR_Init()
 .text._Z5jetonv
                0x800bc000       0x8c template.o
                0x800bc000                jeton()
 .text._ZNSt6vectorIP13GRRLIB_texImgSaIS1_EE13_M_insert_auxEN9__gnu_cxx17__normal_iteratorIPS1_S3_EERKS1_
                0x800bc08c      0x1e8 template.o
                0x800bc08c                std::vector<GRRLIB_texImg*, std::allocator<GRRLIB_texImg*> >::_M_insert_aux(__gnu_cxx::__normal_iterator<GRRLIB_texImg**, std::vector<GRRLIB_texImg*, std::allocator<GRRLIB_texImg*> > >, GRRLIB_texImg* const&)
 .text._ZNSt6vectorIP13GRRLIB_texImgSaIS1_EE9push_backERKS1_
                0x800bc274       0x68 template.o
                0x800bc274                std::vector<GRRLIB_texImg*, std::allocator<GRRLIB_texImg*> >::push_back(GRRLIB_texImg* const&)
 .text._ZNSt6vectorIP8ParticleSaIS1_EE13_M_insert_auxEN9__gnu_cxx17__normal_iteratorIPS1_S3_EERKS1_
                0x800bc2dc      0x1e0 template.o
                0x800bc2dc                std::vector<Particle*, std::allocator<Particle*> >::_M_insert_aux(__gnu_cxx::__normal_iterator<Particle**, std::vector<Particle*, std::allocator<Particle*> > >, Particle* const&)
 .text._ZL14createParticlehiiffhhh
                0x800bc4bc      0x3fc template.o
 .text._ZL12createEffecthii.constprop.55
                0x800bc8b8      0x4e0 template.o
 .text._Z5game2v
                0x800bcd98     0x1950 template.o
                0x800bcd98                game2()
 .text._Z12print2instruv
                0x800be6e8       0xa4 template.o
                0x800be6e8                print2instru()
 .text._Z6print2v
                0x800be78c       0xa4 template.o
                0x800be78c                print2()
 .text._Z7menujeuv
                0x800be830      0x51c template.o
                0x800be830                menujeu()
 .text._Z4menuv
                0x800bed4c      0x358 template.o
                0x800bed4c                menu()
 .text._Z5introv
                0x800bf0a4       0x90 template.o
                0x800bf0a4                intro()
 .text.startup.main
                0x800bf134       0x54 template.o
                0x800bf134                main
 .text._Z7creditsv
                0x800bf188      0x1ac template.o
                0x800bf188                credits()
 .text._Z8credits2v
                0x800bf334      0x1ac template.o
                0x800bf334                credits2()
 .text._Z8conchitav
                0x800bf4e0      0x134 template.o
                0x800bf4e0                conchita()
 .text._Z3winv  0x800bf614       0x90 template.o
                0x800bf614                win()
 .text._Z10printover3v
                0x800bf6a4       0x90 template.o
                0x800bf6a4                printover3()
 .text._Z5game3v
                0x800bf734      0x6a0 template.o
                0x800bf734                game3()
 .text._Z12print3instruv
                0x800bfdd4       0xa0 template.o
                0x800bfdd4                print3instru()
 .text._Z6print3v
                0x800bfe74       0xa4 template.o
                0x800bfe74                print3()
 .text._Z10printover2v
                0x800bff18       0x90 template.o
                0x800bff18                printover2()
 .text._Z10printover1v
                0x800bffa8       0x90 template.o
                0x800bffa8                printover1()
 .text._Z5game1v
                0x800c0038      0xc00 template.o
                0x800c0038                game1()
 .text._Z12print1instruv
                0x800c0c38       0xa4 template.o
                0x800c0c38                print1instru()
 .text._Z6print1v
                0x800c0cdc       0xa4 template.o
                0x800c0cdc                print1()
 .text.startup._GLOBAL__sub_I_Map1Data
                0x800c0d80        0x8 template.o
 .text.exit._GLOBAL__sub_D_Map1Data
                0x800c0d88        0x8 template.o
 .text.GRRLIB_SetBackgroundColour
                0x800c0d90       0x44 c:/devkitPro/libogc/lib/wii\libgrrlib.a(GRRLIB_3D.o)
                0x800c0d90                GRRLIB_SetBackgroundColour
 .text.GRRLIB_InitTileSet
                0x800c0dd4       0xc8 c:/devkitPro/libogc/lib/wii\libgrrlib.a(GRRLIB_bmf.o)
                0x800c0dd4                GRRLIB_InitTileSet
 .text.GRRLIB_ClipReset
                0x800c0e9c       0x40 c:/devkitPro/libogc/lib/wii\libgrrlib.a(GRRLIB_core.o)
                0x800c0e9c                GRRLIB_ClipReset
 .text.GRRLIB_Rectangle
                0x800c0edc      0x148 c:/devkitPro/libogc/lib/wii\libgrrlib.a(GRRLIB_core.o)
                0x800c0edc                GRRLIB_Rectangle
 .text.GRRLIB_FillScreen
                0x800c1024       0x78 c:/devkitPro/libogc/lib/wii\libgrrlib.a(GRRLIB_core.o)
                0x800c1024                GRRLIB_FillScreen
 .text.GRRLIB_Exit
                0x800c109c      0x10c c:/devkitPro/libogc/lib/wii\libgrrlib.a(GRRLIB_core.o)
                0x800c109c                GRRLIB_Exit
 .text.GRRLIB_Init
                0x800c11a8      0x508 c:/devkitPro/libogc/lib/wii\libgrrlib.a(GRRLIB_core.o)
                0x800c11a8                GRRLIB_Init
 .text.GRRLIB_Printf
                0x800c16b0      0x18c c:/devkitPro/libogc/lib/wii\libgrrlib.a(GRRLIB_print.o)
                0x800c16b0                GRRLIB_Printf
 .text.GRRLIB_DrawImg
                0x800c183c      0x4a0 c:/devkitPro/libogc/lib/wii\libgrrlib.a(GRRLIB_render.o)
                0x800c183c                GRRLIB_DrawImg
 .text.GRRLIB_DrawTile
                0x800c1cdc      0x480 c:/devkitPro/libogc/lib/wii\libgrrlib.a(GRRLIB_render.o)
                0x800c1cdc                GRRLIB_DrawTile
 .text.GRRLIB_Render
                0x800c215c       0xa8 c:/devkitPro/libogc/lib/wii\libgrrlib.a(GRRLIB_render.o)
                0x800c215c                GRRLIB_Render
 .text.GRRLIB_CreatePalette
                0x800c2204       0x7c c:/devkitPro/libogc/lib/wii\libgrrlib.a(GRRLIB_texEdit.o)
 .text.GRRLIB_LoadTexturePNG
                0x800c2280      0x140 c:/devkitPro/libogc/lib/wii\libgrrlib.a(GRRLIB_texEdit.o)
                0x800c2280                GRRLIB_LoadTexturePNG
 .text.GRRLIB_LoadTextureBMP
                0x800c23c0      0x728 c:/devkitPro/libogc/lib/wii\libgrrlib.a(GRRLIB_texEdit.o)
                0x800c23c0                GRRLIB_LoadTextureBMP
 .text.GRRLIB_LoadTextureJPGEx
                0x800c2ae8      0x308 c:/devkitPro/libogc/lib/wii\libgrrlib.a(GRRLIB_texEdit.o)
                0x800c2ae8                GRRLIB_LoadTextureJPGEx
 .text.GRRLIB_LoadTextureJPG
                0x800c2df0       0x60 c:/devkitPro/libogc/lib/wii\libgrrlib.a(GRRLIB_texEdit.o)
                0x800c2df0                GRRLIB_LoadTextureJPG
 .text.GRRLIB_LoadTexture
                0x800c2e50       0x4c c:/devkitPro/libogc/lib/wii\libgrrlib.a(GRRLIB_texEdit.o)
                0x800c2e50                GRRLIB_LoadTexture
 .text.GRRLIB_InitTTF
                0x800c2e9c       0x34 c:/devkitPro/libogc/lib/wii\libgrrlib.a(GRRLIB_ttf.o)
                0x800c2e9c                GRRLIB_InitTTF
 .text.GRRLIB_ExitTTF
                0x800c2ed0       0x28 c:/devkitPro/libogc/lib/wii\libgrrlib.a(GRRLIB_ttf.o)
                0x800c2ed0                GRRLIB_ExitTTF
 .text.__dsp_donecallback
                0x800c2ef8        0xc c:/devkitPro/libogc/lib/wii\libasnd.a(asndlib.o)
 .text.__dsp_initcallback
                0x800c2f04       0x58 c:/devkitPro/libogc/lib/wii\libasnd.a(asndlib.o)
 .text.audio_dma_callback
                0x800c2f5c      0x5a4 c:/devkitPro/libogc/lib/wii\libasnd.a(asndlib.o)
 .text.__dsp_requestcallback
                0x800c3500      0x6b4 c:/devkitPro/libogc/lib/wii\libasnd.a(asndlib.o)
 .text.ASND_Init
                0x800c3bb4      0x1f8 c:/devkitPro/libogc/lib/wii\libasnd.a(asndlib.o)
                0x800c3bb4                ASND_Init
 .text.ASND_SetVoice
                0x800c3dac      0x168 c:/devkitPro/libogc/lib/wii\libasnd.a(asndlib.o)
                0x800c3dac                ASND_SetVoice
 .text.ASND_AddVoice
                0x800c3f14       0xd8 c:/devkitPro/libogc/lib/wii\libasnd.a(asndlib.o)
                0x800c3f14                ASND_AddVoice
 .text.ASND_TestPointer
                0x800c3fec       0x80 c:/devkitPro/libogc/lib/wii\libasnd.a(asndlib.o)
                0x800c3fec                ASND_TestPointer
 .text.ASND_StopVoice
                0x800c406c       0x74 c:/devkitPro/libogc/lib/wii\libasnd.a(asndlib.o)
                0x800c406c                ASND_StopVoice
 .text.ASND_StatusVoice
                0x800c40e0       0x7c c:/devkitPro/libogc/lib/wii\libasnd.a(asndlib.o)
                0x800c40e0                ASND_StatusVoice
 .text.ASND_Pause
                0x800c415c        0x8 c:/devkitPro/libogc/lib/wii\libasnd.a(asndlib.o)
                0x800c415c                ASND_Pause
 .text.pngu_read_data_from_buffer
                0x800c4164       0x68 c:/devkitPro/libogc/lib/wii\libpngu.a(pngu.o)
                0x800c4164                pngu_read_data_from_buffer
 .text.PNGU_SelectImageFromBuffer
                0x800c41cc       0x60 c:/devkitPro/libogc/lib/wii\libpngu.a(pngu.o)
                0x800c41cc                PNGU_SelectImageFromBuffer
 .text.pngu_info
                0x800c422c      0x504 c:/devkitPro/libogc/lib/wii\libpngu.a(pngu.o)
                0x800c422c                pngu_info
 .text.PNGU_GetImageProperties
                0x800c4730       0xa0 c:/devkitPro/libogc/lib/wii\libpngu.a(pngu.o)
                0x800c4730                PNGU_GetImageProperties
 .text.pngu_free_info
                0x800c47d0       0x64 c:/devkitPro/libogc/lib/wii\libpngu.a(pngu.o)
                0x800c47d0                pngu_free_info
 .text.pngu_decode
                0x800c4834      0x1fc c:/devkitPro/libogc/lib/wii\libpngu.a(pngu.o)
                0x800c4834                pngu_decode
 .text.PNGU_DecodeTo4x4RGBA8
                0x800c4a30      0x3b8 c:/devkitPro/libogc/lib/wii\libpngu.a(pngu.o)
                0x800c4a30                PNGU_DecodeTo4x4RGBA8
 .text.PNGU_ReleaseImageContext
                0x800c4de8       0x68 c:/devkitPro/libogc/lib/wii\libpngu.a(pngu.o)
                0x800c4de8                PNGU_ReleaseImageContext
 .text.png_build_16bit_table
                0x800c4e50      0x248 c:/devkitPro/libogc/lib/wii\libpng.a(png.o)
 .text.png_set_sig_bytes
                0x800c5098       0x4c c:/devkitPro/libogc/lib/wii\libpng.a(png.o)
                0x800c5098                png_set_sig_bytes
 .text.png_sig_cmp
                0x800c50e4       0x84 c:/devkitPro/libogc/lib/wii\libpng.a(png.o)
                0x800c50e4                png_sig_cmp
 .text.png_zalloc
                0x800c5168       0x6c c:/devkitPro/libogc/lib/wii\libpng.a(png.o)
                0x800c5168                png_zalloc
 .text.png_zfree
                0x800c51d4       0x20 c:/devkitPro/libogc/lib/wii\libpng.a(png.o)
                0x800c51d4                png_zfree
 .text.png_reset_crc
                0x800c51f4       0x3c c:/devkitPro/libogc/lib/wii\libpng.a(png.o)
                0x800c51f4                png_reset_crc
 .text.png_calculate_crc
                0x800c5230       0x74 c:/devkitPro/libogc/lib/wii\libpng.a(png.o)
                0x800c5230                png_calculate_crc
 .text.png_user_version_check
                0x800c52a4      0x110 c:/devkitPro/libogc/lib/wii\libpng.a(png.o)
                0x800c52a4                png_user_version_check
 .text.png_info_init_3
                0x800c53b4       0x5c c:/devkitPro/libogc/lib/wii\libpng.a(png.o)
                0x800c53b4                png_info_init_3
 .text.png_create_info_struct
                0x800c5410       0x60 c:/devkitPro/libogc/lib/wii\libpng.a(png.o)
                0x800c5410                png_create_info_struct
 .text.png_free_data
                0x800c5470      0x50c c:/devkitPro/libogc/lib/wii\libpng.a(png.o)
                0x800c5470                png_free_data
 .text.png_info_destroy
                0x800c597c       0x68 c:/devkitPro/libogc/lib/wii\libpng.a(png.o)
                0x800c597c                png_info_destroy
 .text.png_get_io_ptr
                0x800c59e4       0x14 c:/devkitPro/libogc/lib/wii\libpng.a(png.o)
                0x800c59e4                png_get_io_ptr
 .text.png_init_io
                0x800c59f8       0x10 c:/devkitPro/libogc/lib/wii\libpng.a(png.o)
                0x800c59f8                png_init_io
 .text.png_handle_as_unknown
                0x800c5a08       0xc0 c:/devkitPro/libogc/lib/wii\libpng.a(png.o)
                0x800c5a08                png_handle_as_unknown
 .text.png_chunk_unknown_handling
                0x800c5ac8       0x4c c:/devkitPro/libogc/lib/wii\libpng.a(png.o)
                0x800c5ac8                png_chunk_unknown_handling
 .text.png_check_IHDR
                0x800c5b14      0x330 c:/devkitPro/libogc/lib/wii\libpng.a(png.o)
                0x800c5b14                png_check_IHDR
 .text.png_check_fp_number
                0x800c5e44      0x1a8 c:/devkitPro/libogc/lib/wii\libpng.a(png.o)
                0x800c5e44                png_check_fp_number
 .text.png_check_fp_string
                0x800c5fec       0x74 c:/devkitPro/libogc/lib/wii\libpng.a(png.o)
                0x800c5fec                png_check_fp_string
 .text.png_muldiv
                0x800c6060      0x100 c:/devkitPro/libogc/lib/wii\libpng.a(png.o)
                0x800c6060                png_muldiv
 .text.png_reciprocal
                0x800c6160       0xa4 c:/devkitPro/libogc/lib/wii\libpng.a(png.o)
                0x800c6160                png_reciprocal
 .text.png_XYZ_from_xy
                0x800c6204      0x3e8 c:/devkitPro/libogc/lib/wii\libpng.a(png.o)
                0x800c6204                png_XYZ_from_xy
 .text.png_XYZ_from_xy_checked
                0x800c65ec       0xa8 c:/devkitPro/libogc/lib/wii\libpng.a(png.o)
                0x800c65ec                png_XYZ_from_xy_checked
 .text.png_reciprocal2
                0x800c6694       0xbc c:/devkitPro/libogc/lib/wii\libpng.a(png.o)